Component: ARM Compiler 5.06 update 5 (build 528) Tool: armlink [4d35e2]

==============================================================================

Section Cross References

    startup_stm32h723xx.o(STACK) refers (Special) to heapauxi.o(.text) for __use_two_region_memory
    startup_stm32h723xx.o(HEAP) refers (Special) to heapauxi.o(.text) for __use_two_region_memory
    startup_stm32h723xx.o(RESET) refers (Special) to heapauxi.o(.text) for __use_two_region_memory
    startup_stm32h723xx.o(RESET) refers to startup_stm32h723xx.o(STACK) for __initial_sp
    startup_stm32h723xx.o(RESET) refers to startup_stm32h723xx.o(.text) for Reset_Handler
    startup_stm32h723xx.o(RESET) refers to stm32h7xx_it.o(i.NMI_Handler) for NMI_Handler
    startup_stm32h723xx.o(RESET) refers to stm32h7xx_it.o(i.HardFault_Handler) for HardFault_Handler
    startup_stm32h723xx.o(RESET) refers to stm32h7xx_it.o(i.MemManage_Handler) for MemManage_Handler
    startup_stm32h723xx.o(RESET) refers to stm32h7xx_it.o(i.BusFault_Handler) for BusFault_Handler
    startup_stm32h723xx.o(RESET) refers to stm32h7xx_it.o(i.UsageFault_Handler) for UsageFault_Handler
    startup_stm32h723xx.o(RESET) refers to stm32h7xx_it.o(i.SVC_Handler) for SVC_Handler
    startup_stm32h723xx.o(RESET) refers to stm32h7xx_it.o(i.DebugMon_Handler) for DebugMon_Handler
    startup_stm32h723xx.o(RESET) refers to stm32h7xx_it.o(i.PendSV_Handler) for PendSV_Handler
    startup_stm32h723xx.o(RESET) refers to stm32h7xx_it.o(i.SysTick_Handler) for SysTick_Handler
    startup_stm32h723xx.o(RESET) refers to stm32h7xx_it.o(i.FDCAN1_IT0_IRQHandler) for FDCAN1_IT0_IRQHandler
    startup_stm32h723xx.o(RESET) refers to stm32h7xx_it.o(i.FDCAN2_IT0_IRQHandler) for FDCAN2_IT0_IRQHandler
    startup_stm32h723xx.o(RESET) refers to stm32h7xx_it.o(i.TIM3_IRQHandler) for TIM3_IRQHandler
    startup_stm32h723xx.o(RESET) refers to stm32h7xx_it.o(i.OTG_HS_IRQHandler) for OTG_HS_IRQHandler
    startup_stm32h723xx.o(.text) refers (Special) to heapauxi.o(.text) for __use_two_region_memory
    startup_stm32h723xx.o(.text) refers to system_stm32h7xx.o(i.SystemInit) for SystemInit
    startup_stm32h723xx.o(.text) refers to __main.o(!!!main) for __main
    startup_stm32h723xx.o(.text) refers to startup_stm32h723xx.o(HEAP) for Heap_Mem
    startup_stm32h723xx.o(.text) refers to startup_stm32h723xx.o(STACK) for Stack_Mem
    main.o(i.HAL_TIM_PeriodElapsedCallback) refers to dm4310_drv.o(i.dm4310_ctrl_send) for dm4310_ctrl_send
    main.o(i.HAL_TIM_PeriodElapsedCallback) refers to dm4310_ctrl.o(.bss) for motor
    main.o(i.HAL_TIM_PeriodElapsedCallback) refers to fdcan.o(.bss) for hfdcan1
    main.o(i.PeriphCommonClock_Config) refers to rt_memclr_w.o(.text) for __aeabi_memclr4
    main.o(i.PeriphCommonClock_Config) refers to stm32h7xx_hal_rcc_ex.o(i.HAL_RCCEx_PeriphCLKConfig) for HAL_RCCEx_PeriphCLKConfig
    main.o(i.SystemClock_Config) refers to rt_memclr_w.o(.text) for __aeabi_memclr4
    main.o(i.SystemClock_Config) refers to stm32h7xx_hal_pwr_ex.o(i.HAL_PWREx_ConfigSupply) for HAL_PWREx_ConfigSupply
    main.o(i.SystemClock_Config) refers to stm32h7xx_hal_rcc.o(i.HAL_RCC_OscConfig) for HAL_RCC_OscConfig
    main.o(i.SystemClock_Config) refers to stm32h7xx_hal_rcc.o(i.HAL_RCC_ClockConfig) for HAL_RCC_ClockConfig
    main.o(i.main) refers to stm32h7xx_hal.o(i.HAL_Init) for HAL_Init
    main.o(i.main) refers to main.o(i.SystemClock_Config) for SystemClock_Config
    main.o(i.main) refers to main.o(i.PeriphCommonClock_Config) for PeriphCommonClock_Config
    main.o(i.main) refers to gpio.o(i.MX_GPIO_Init) for MX_GPIO_Init
    main.o(i.main) refers to fdcan.o(i.MX_FDCAN1_Init) for MX_FDCAN1_Init
    main.o(i.main) refers to tim.o(i.MX_TIM3_Init) for MX_TIM3_Init
    main.o(i.main) refers to fdcan.o(i.MX_FDCAN2_Init) for MX_FDCAN2_Init
    main.o(i.main) refers to usb_device.o(i.MX_USB_DEVICE_Init) for MX_USB_DEVICE_Init
    main.o(i.main) refers to can_bsp.o(i.can_bsp_init) for can_bsp_init
    main.o(i.main) refers to delay.o(i.delay_init) for delay_init
    main.o(i.main) refers to stm32h7xx_hal.o(i.HAL_Delay) for HAL_Delay
    main.o(i.main) refers to dm4310_ctrl.o(i.dm4310_motor_init) for dm4310_motor_init
    main.o(i.main) refers to dm4310_drv.o(i.dm4310_enable) for dm4310_enable
    main.o(i.main) refers to delay.o(i.delay_us) for delay_us
    main.o(i.main) refers to stm32h7xx_hal_tim.o(i.HAL_TIM_Base_Start_IT) for HAL_TIM_Base_Start_IT
    main.o(i.main) refers to delay.o(i.delay_ms) for delay_ms
    main.o(i.main) refers to usbsent.o(i.send_data) for send_data
    main.o(i.main) refers to usbd_cdc_if.o(i.CDC_Receive_HS) for CDC_Receive_HS
    main.o(i.main) refers to dm4310_ctrl.o(.bss) for motor
    main.o(i.main) refers to fdcan.o(.bss) for hfdcan1
    main.o(i.main) refers to tim.o(.bss) for htim3
    main.o(i.main) refers to main.o(.data) for .data
    main.o(i.main) refers to main.o(.bss) for .bss
    gpio.o(i.MX_GPIO_Init) refers to rt_memclr_w.o(.text) for __aeabi_memclr4
[...]
    __rt_lib_shutdown_fp_trap_1              0x0800038b   Thumb Code     0  libshutdown2.o(.ARM.Collect$$libshutdown$$00000007)
    __rt_lib_shutdown_heap_1                 0x0800038b   Thumb Code     0  libshutdown2.o(.ARM.Collect$$libshutdown$$0000000F)
    __rt_lib_shutdown_return                 0x0800038b   Thumb Code     0  libshutdown2.o(.ARM.Collect$$libshutdown$$00000010)
    __rt_lib_shutdown_signal_1               0x0800038b   Thumb Code     0  libshutdown2.o(.ARM.Collect$$libshutdown$$0000000A)
    __rt_lib_shutdown_stdio_1                0x0800038b   Thumb Code     0  libshutdown2.o(.ARM.Collect$$libshutdown$$00000004)
    __rt_lib_shutdown_user_alloc_1           0x0800038b   Thumb Code     0  libshutdown2.o(.ARM.Collect$$libshutdown$$0000000C)
    __rt_entry                               0x0800038d   Thumb Code     0  __rtentry.o(.ARM.Collect$$rtentry$$00000000)
    __rt_entry_presh_1                       0x0800038d   Thumb Code     0  __rtentry2.o(.ARM.Collect$$rtentry$$00000002)
    __rt_entry_sh                            0x0800038d   Thumb Code     0  __rtentry4.o(.ARM.Collect$$rtentry$$00000004)
    __rt_entry_li                            0x08000393   Thumb Code     0  __rtentry2.o(.ARM.Collect$$rtentry$$0000000A)
    __rt_entry_postsh_1                      0x08000393   Thumb Code     0  __rtentry2.o(.ARM.Collect$$rtentry$$00000009)
    __rt_entry_main                          0x08000397   Thumb Code     0  __rtentry2.o(.ARM.Collect$$rtentry$$0000000D)
    __rt_entry_postli_1                      0x08000397   Thumb Code     0  __rtentry2.o(.ARM.Collect$$rtentry$$0000000C)
    __rt_exit                                0x0800039f   Thumb Code     0  rtexit.o(.ARM.Collect$$rtexit$$00000000)
    __rt_exit_ls                             0x080003a1   Thumb Code     0  rtexit2.o(.ARM.Collect$$rtexit$$00000003)
    __rt_exit_prels_1                        0x080003a1   Thumb Code     0  rtexit2.o(.ARM.Collect$$rtexit$$00000002)
    __rt_exit_exit                           0x080003a5   Thumb Code     0  rtexit2.o(.ARM.Collect$$rtexit$$00000004)
    Reset_Handler                            0x080003ad   Thumb Code     8  startup_stm32h723xx.o(.text)
    ADC3_IRQHandler                          0x080003c7   Thumb Code     0  startup_stm32h723xx.o(.text)
    ADC_IRQHandler                           0x080003c7   Thumb Code     0  startup_stm32h723xx.o(.text)
    BDMA_Channel0_IRQHandler                 0x080003c7   Thumb Code     0  startup_stm32h723xx.o(.text)
    BDMA_Channel1_IRQHandler                 0x080003c7   Thumb Code     0  startup_stm32h723xx.o(.text)
    BDMA_Channel2_IRQHandler                 0x080003c7   Thumb Code     0  startup_stm32h723xx.o(.text)
    BDMA_Channel3_IRQHandler                 0x080003c7   Thumb Code     0  startup_stm32h723xx.o(.text)
    BDMA_Channel4_IRQHandler                 0x080003c7   Thumb Code     0  startup_stm32h723xx.o(.text)
    BDMA_Channel5_IRQHandler                 0x080003c7   Thumb Code     0  startup_stm32h723xx.o(.text)
    BDMA_Channel6_IRQHandler                 0x080003c7   Thumb Code     0  startup_stm32h723xx.o(.text)
    BDMA_Channel7_IRQHandler                 0x080003c7   Thumb Code     0  startup_stm32h723xx.o(.text)
    CEC_IRQHandler                           0x080003c7   Thumb Code     0  startup_stm32h723xx.o(.text)
    COMP1_IRQHandler                         0x080003c7   Thumb Code     0  startup_stm32h723xx.o(.text)
    CORDIC_IRQHandler                        0x080003c7   Thumb Code     0  startup_stm32h723xx.o(.text)
    CRS_IRQHandler                           0x080003c7   Thumb Code     0  startup_stm32h723xx.o(.text)
    DCMI_PSSI_IRQHandler                     0x080003c7   Thumb Code     0  startup_stm32h723xx.o(.text)
    DFSDM1_FLT0_IRQHandler                   0x080003c7   Thumb Code     0  startup_stm32h723xx.o(.text)
    DFSDM1_FLT1_IRQHandler                   0x080003c7   Thumb Code     0  startup_stm32h723xx.o(.text)
    DFSDM1_FLT2_IRQHandler                   0x080003c7   Thumb Code     0  startup_stm32h723xx.o(.text)
    DFSDM1_FLT3_IRQHandler                   0x080003c7   Thumb Code     0  startup_stm32h723xx.o(.text)
    DMA1_Stream0_IRQHandler                  0x080003c7   Thumb Code     0  startup_stm32h723xx.o(.text)
    DMA1_Stream1_IRQHandler                  0x080003c7   Thumb Code     0  startup_stm32h723xx.o(.text)
    DMA1_Stream2_IRQHandler                  0x080003c7   Thumb Code     0  startup_stm32h723xx.o(.text)
    DMA1_Stream3_IRQHandler                  0x080003c7   Thumb Code     0  startup_stm32h723xx.o(.text)
    DMA1_Stream4_IRQHandler                  0x080003c7   Thumb Code     0  startup_stm32h723xx.o(.text)
    DMA1_Stream5_IRQHandler                  0x080003c7   Thumb Code     0  startup_stm32h723xx.o(.text)
    DMA1_Stream6_IRQHandler                  0x080003c7   Thumb Code     0  startup_stm32h723xx.o(.text)
    DMA1_Stream7_IRQHandler                  0x080003c7   Thumb Code     0  startup_stm32h723xx.o(.text)
    DMA2D_IRQHandler                         0x080003c7   Thumb Code     0  startup_stm32h723xx.o(.text)
    DMA2_Stream0_IRQHandler                  0x080003c7   Thumb Code     0  startup_stm32h723xx.o(.text)
    DMA2_Stream1_IRQHandler                  0x080003c7   Thumb Code     0  startup_stm32h723xx.o(.text)
    DMA2_Stream2_IRQHandler                  0x080003c7   Thumb Code     0  startup_stm32h723xx.o(.text)
    DMA2_Stream3_IRQHandler                  0x080003c7   Thumb Code     0  startup_stm32h723xx.o(.text)
    DMA2_Stream4_IRQHandler                  0x080003c7   Thumb Code     0  startup_stm32h723xx.o(.text)
    DMA2_Stream5_IRQHandler                  0x080003c7   Thumb Code     0  startup_stm32h723xx.o(.text)
    DMA2_Stream6_IRQHandler                  0x080003c7   Thumb Code     0  startup_stm32h723xx.o(.text)
    DMA2_Stream7_IRQHandler                  0x080003c7   Thumb Code     0  startup_stm32h723xx.o(.text)
    DMAMUX1_OVR_IRQHandler                   0x080003c7   Thumb Code     0  startup_stm32h723xx.o(.text)
    DMAMUX2_OVR_IRQHandler                   0x080003c7   Thumb Code     0  startup_stm32h723xx.o(.text)
    DTS_IRQHandler                           0x080003c7   Thumb Code     0  startup_stm32h723xx.o(.text)
    ECC_IRQHandler                           0x080003c7   Thumb Code     0  startup_stm32h723xx.o(.text)
    ETH_IRQHandler                           0x080003c7   Thumb Code     0  startup_stm32h723xx.o(.text)
    ETH_WKUP_IRQHandler                      0x080003c7   Thumb Code     0  startup_stm32h723xx.o(.text)
    EXTI0_IRQHandler                         0x080003c7   Thumb Code     0  startup_stm32h723xx.o(.text)
    EXTI15_10_IRQHandler                     0x080003c7   Thumb Code     0  startup_stm32h723xx.o(.text)
    EXTI1_IRQHandler                         0x080003c7   Thumb Code     0  startup_stm32h723xx.o(.text)
    EXTI2_IRQHandler                         0x080003c7   Thumb Code     0  startup_stm32h723xx.o(.text)
    EXTI3_IRQHandler                         0x080003c7   Thumb Code     0  startup_stm32h723xx.o(.text)
    EXTI4_IRQHandler                         0x080003c7   Thumb Code     0  startup_stm32h723xx.o(.text)
    EXTI9_5_IRQHandler                       0x080003c7   Thumb Code     0  startup_stm32h723xx.o(.text)
    FDCAN1_IT1_IRQHandler                    0x080003c7   Thumb Code     0  startup_stm32h723xx.o(.text)
    FDCAN2_IT1_IRQHandler                    0x080003c7   Thumb Code     0  startup_stm32h723xx.o(.text)
    FDCAN3_IT0_IRQHandler                    0x080003c7   Thumb Code     0  startup_stm32h723xx.o(.text)
    FDCAN3_IT1_IRQHandler                    0x080003c7   Thumb Code     0  startup_stm32h723xx.o(.text)
    FDCAN_CAL_IRQHandler                     0x080003c7   Thumb Code     0  startup_stm32h723xx.o(.text)
    FLASH_IRQHandler                         0x080003c7   Thumb Code     0  startup_stm32h723xx.o(.text)
    FMAC_IRQHandler                          0x080003c7   Thumb Code     0  startup_stm32h723xx.o(.text)
    FMC_IRQHandler                           0x080003c7   Thumb Code     0  startup_stm32h723xx.o(.text)
    FPU_IRQHandler                           0x080003c7   Thumb Code     0  startup_stm32h723xx.o(.text)
    HSEM1_IRQHandler                         0x080003c7   Thumb Code     0  startup_stm32h723xx.o(.text)
    I2C1_ER_IRQHandler                       0x080003c7   Thumb Code     0  startup_stm32h723xx.o(.text)
    I2C1_EV_IRQHandler                       0x080003c7   Thumb Code     0  startup_stm32h723xx.o(.text)
    I2C2_ER_IRQHandler                       0x080003c7   Thumb Code     0  startup_stm32h723xx.o(.text)
    I2C2_EV_IRQHandler                       0x080003c7   Thumb Code     0  startup_stm32h723xx.o(.text)
    I2C3_ER_IRQHandler                       0x080003c7   Thumb Code     0  startup_stm32h723xx.o(.text)
    I2C3_EV_IRQHandler                       0x080003c7   Thumb Code     0  startup_stm32h723xx.o(.text)
    I2C4_ER_IRQHandler                       0x080003c7   Thumb Code     0  startup_stm32h723xx.o(.text)
    I2C4_EV_IRQHandler                       0x080003c7   Thumb Code     0  startup_stm32h723xx.o(.text)
    I2C5_ER_IRQHandler                       0x080003c7   Thumb Code     0  startup_stm32h723xx.o(.text)
    I2C5_EV_IRQHandler                       0x080003c7   Thumb Code     0  startup_stm32h723xx.o(.text)
    LPTIM1_IRQHandler                        0x080003c7   Thumb Code     0  startup_stm32h723xx.o(.text)
    LPTIM2_IRQHandler                        0x080003c7   Thumb Code     0  startup_stm32h723xx.o(.text)
    LPTIM3_IRQHandler                        0x080003c7   Thumb Code     0  startup_stm32h723xx.o(.text)
    LPTIM4_IRQHandler                        0x080003c7   Thumb Code     0  startup_stm32h723xx.o(.text)
    LPTIM5_IRQHandler                        0x080003c7   Thumb Code     0  startup_stm32h723xx.o(.text)
    LPUART1_IRQHandler                       0x080003c7   Thumb Code     0  startup_stm32h723xx.o(.text)
    LTDC_ER_IRQHandler                       0x080003c7   Thumb Code     0  startup_stm32h723xx.o(.text)
    LTDC_IRQHandler                          0x080003c7   Thumb Code     0  startup_stm32h723xx.o(.text)
    MDIOS_IRQHandler                         0x080003c7   Thumb Code     0  startup_stm32h723xx.o(.text)
    MDIOS_WKUP_IRQHandler                    0x080003c7   Thumb Code     0  startup_stm32h723xx.o(.text)
    MDMA_IRQHandler                          0x080003c7   Thumb Code     0  startup_stm32h723xx.o(.text)
    OCTOSPI1_IRQHandler                      0x080003c7   Thumb Code     0  startup_stm32h723xx.o(.text)
    OCTOSPI2_IRQHandler                      0x080003c7   Thumb Code     0  startup_stm32h723xx.o(.text)
    OTG_HS_EP1_IN_IRQHandler                 0x080003c7   Thumb Code     0  startup_stm32h723xx.o(.text)
    OTG_HS_EP1_OUT_IRQHandler                0x080003c7   Thumb Code     0  startup_stm32h723xx.o(.text)
    OTG_HS_WKUP_IRQHandler                   0x080003c7   Thumb Code     0  startup_stm32h723xx.o(.text)
    PVD_AVD_IRQHandler                       0x080003c7   Thumb Code     0  startup_stm32h723xx.o(.text)
    RCC_IRQHandler                           0x080003c7   Thumb Code     0  startup_stm32h723xx.o(.text)
    RNG_IRQHandler                           0x080003c7   Thumb Code     0  startup_stm32h723xx.o(.text)
    RTC_Alarm_IRQHandler                     0x080003c7   Thumb Code     0  startup_stm32h723xx.o(.text)
    RTC_WKUP_IRQHandler                      0x080003c7   Thumb Code     0  startup_stm32h723xx.o(.text)
    SAI1_IRQHandler                          0x080003c7   Thumb Code     0  startup_stm32h723xx.o(.text)
    SAI4_IRQHandler                          0x080003c7   Thumb Code     0  startup_stm32h723xx.o(.text)
    SDMMC1_IRQHandler                        0x080003c7   Thumb Code     0  startup_stm32h723xx.o(.text)
    SDMMC2_IRQHandler                        0x080003c7   Thumb Code     0  startup_stm32h723xx.o(.text)
    SPDIF_RX_IRQHandler                      0x080003c7   Thumb Code     0  startup_stm32h723xx.o(.text)
    SPI1_IRQHandler                          0x080003c7   Thumb Code     0  startup_stm32h723xx.o(.text)
    SPI2_IRQHandler                          0x080003c7   Thumb Code     0  startup_stm32h723xx.o(.text)
    SPI3_IRQHandler                          0x080003c7   Thumb Code     0  startup_stm32h723xx.o(.text)
    SPI4_IRQHandler                          0x080003c7   Thumb Code     0  startup_stm32h723xx.o(.text)
    SPI5_IRQHandler                          0x080003c7   Thumb Code     0  startup_stm32h723xx.o(.text)
    SPI6_IRQHandler                          0x080003c7   Thumb Code     0  startup_stm32h723xx.o(.text)
    SWPMI1_IRQHandler                        0x080003c7   Thumb Code     0  startup_stm32h723xx.o(.text)
    TAMP_STAMP_IRQHandler                    0x080003c7   Thumb Code     0  startup_stm32h723xx.o(.text)
    TIM15_IRQHandler                         0x080003c7   Thumb Code     0  startup_stm32h723xx.o(.text)
    TIM16_IRQHandler                         0x080003c7   Thumb Code     0  startup_stm32h723xx.o(.text)
    TIM17_IRQHandler                         0x080003c7   Thumb Code     0  startup_stm32h723xx.o(.text)
    TIM1_BRK_IRQHandler                      0x080003c7   Thumb Code     0  startup_stm32h723xx.o(.text)
    TIM1_CC_IRQHandler                       0x080003c7   Thumb Code     0  startup_stm32h723xx.o(.text)
    TIM1_TRG_COM_IRQHandler                  0x080003c7   Thumb Code     0  startup_stm32h723xx.o(.text)
    TIM1_UP_IRQHandler                       0x080003c7   Thumb Code     0  startup_stm32h723xx.o(.text)
    TIM23_IRQHandler                         0x080003c7   Thumb Code     0  startup_stm32h723xx.o(.text)
    TIM24_IRQHandler                         0x080003c7   Thumb Code     0  startup_stm32h723xx.o(.text)
    TIM2_IRQHandler                          0x080003c7   Thumb Code     0  startup_stm32h723xx.o(.text)
    TIM4_IRQHandler                          0x080003c7   Thumb Code     0  startup_stm32h723xx.o(.text)
    TIM5_IRQHandler                          0x080003c7   Thumb Code     0  startup_stm32h723xx.o(.text)
    TIM6_DAC_IRQHandler                      0x080003c7   Thumb Code     0  startup_stm32h723xx.o(.text)
    TIM7_IRQHandler                          0x080003c7   Thumb Code     0  startup_stm32h723xx.o(.text)
    TIM8_BRK_TIM12_IRQHandler                0x080003c7   Thumb Code     0  startup_stm32h723xx.o(.text)
    TIM8_CC_IRQHandler                       0x080003c7   Thumb Code     0  startup_stm32h723xx.o(.text)
    TIM8_TRG_COM_TIM14_IRQHandler            0x080003c7   Thumb Code     0  startup_stm32h723xx.o(.text)
    TIM8_UP_TIM13_IRQHandler                 0x080003c7   Thumb Code     0  startup_stm32h723xx.o(.text)
    UART4_IRQHandler                         0x080003c7   Thumb Code     0  startup_stm32h723xx.o(.text)
    UART5_IRQHandler                         0x080003c7   Thumb Code     0  startup_stm32h723xx.o(.text)
    UART7_IRQHandler                         0x080003c7   Thumb Code     0  startup_stm32h723xx.o(.text)
    UART8_IRQHandler                         0x080003c7   Thumb Code     0  startup_stm32h723xx.o(.text)
    UART9_IRQHandler                         0x080003c7   Thumb Code     0  startup_stm32h723xx.o(.text)
    USART10_IRQHandler                       0x080003c7   Thumb Code     0  startup_stm32h723xx.o(.text)
    USART1_IRQHandler                        0x080003c7   Thumb Code     0  startup_stm32h723xx.o(.text)
    USART2_IRQHandler                        0x080003c7   Thumb Code     0  startup_stm32h723xx.o(.text)
    USART3_IRQHandler                        0x080003c7   Thumb Code     0  startup_stm32h723xx.o(.text)
    USART6_IRQHandler                        0x080003c7   Thumb Code     0  startup_stm32h723xx.o(.text)
    WAKEUP_PIN_IRQHandler                    0x080003c7   Thumb Code     0  startup_stm32h723xx.o(.text)
    WWDG_IRQHandler                          0x080003c7   Thumb Code     0  startup_stm32h723xx.o(.text)
    __user_initial_stackheap                 0x080003c9   Thumb Code     0  startup_stm32h723xx.o(.text)
    __aeabi_memcpy4                          0x080003ed   Thumb Code     0  rt_memcpy_w.o(.text)
    __aeabi_memcpy8                          0x080003ed   Thumb Code     0  rt_memcpy_w.o(.text)
    __rt_memcpy_w                            0x080003ed   Thumb Code   100  rt_memcpy_w.o(.text)
    _memcpy_lastbytes_aligned                0x08000435   Thumb Code     0  rt_memcpy_w.o(.text)
    __aeabi_memclr4                          0x08000451   Thumb Code     0  rt_memclr_w.o(.text)
    __aeabi_memclr8                          0x08000451   Thumb Code     0  rt_memclr_w.o(.text)
    __rt_memclr_w                            0x08000451   Thumb Code    78  rt_memclr_w.o(.text)
    _memset_w                                0x08000455   Thumb Code     0  rt_memclr_w.o(.text)
    __use_two_region_memory                  0x0800049f   Thumb Code     2  heapauxi.o(.text)
    __rt_heap_escrow$2region                 0x080004a1   Thumb Code     2  heapauxi.o(.text)
    __rt_heap_expand$2region                 0x080004a3   Thumb Code     2  heapauxi.o(.text)
    __user_setup_stackheap                   0x080004a5   Thumb Code    74  sys_stackheap_outer.o(.text)
    exit                                     0x080004ef   Thumb Code    18  exit.o(.text)
    __user_libspace                          0x08000501   Thumb Code     8  libspace.o(.text)
    __user_perproc_libspace                  0x08000501   Thumb Code     0  libspace.o(.text)
    __user_perthread_libspace                0x08000501   Thumb Code     0  libspace.o(.text)
    _sys_exit                                0x08000509   Thumb Code     8  sys_exit.o(.text)
    __I$use$semihosting                      0x08000515   Thumb Code     0  use_no_semi.o(.text)
    __use_no_semihosting_swi                 0x08000515   Thumb Code     2  use_no_semi.o(.text)
    BusFault_Handler                         0x08000517   Thumb Code     2  stm32h7xx_it.o(i.BusFault_Handler)
    __semihosting_library_function           0x08000517   Thumb Code     0  indicate_semi.o(.text)
    CDC_Control_HS                           0x08000519   Thumb Code     4  usbd_cdc_if.o(i.CDC_Control_HS)
    CDC_DeInit_HS                            0x0800051d   Thumb Code     4  usbd_cdc_if.o(i.CDC_DeInit_HS)
    CDC_Init_HS                              0x08000521   Thumb Code    24  usbd_cdc_if.o(i.CDC_Init_HS)
    CDC_Receive_HS                           0x08000545   Thumb Code   140  usbd_cdc_if.o(i.CDC_Receive_HS)
    CDC_Transmit_HS                          0x080005e5   Thumb Code    38  usbd_cdc_if.o(i.CDC_Transmit_HS)
    DebugMon_Handler                         0x08000611   Thumb Code     2  stm32h7xx_it.o(i.DebugMon_Handler)
    Error_Handler                            0x08000613   Thumb Code     4  main.o(i.Error_Handler)
    FDCAN1_IT0_IRQHandler                    0x08000619   Thumb Code     6  stm32h7xx_it.o(i.FDCAN1_IT0_IRQHandler)
    FDCAN2_IT0_IRQHandler                    0x08000625   Thumb Code     6  stm32h7xx_it.o(i.FDCAN2_IT0_IRQHandler)
    HAL_Delay                                0x08000869   Thumb Code    32  stm32h7xx_hal.o(i.HAL_Delay)
    HAL_FDCAN_ActivateNotification           0x0800088d   Thumb Code   126  stm32h7xx_hal_fdcan.o(i.HAL_FDCAN_ActivateNotification)
    HAL_FDCAN_AddMessageToTxFifoQ            0x08000915   Thumb Code   102  stm32h7xx_hal_fdcan.o(i.HAL_FDCAN_AddMessageToTxFifoQ)
    HAL_FDCAN_ClockCalibrationCallback       0x0800097b   Thumb Code     2  stm32h7xx_hal_fdcan.o(i.HAL_FDCAN_ClockCalibrationCallback)
    HAL_FDCAN_ConfigFifoWatermark            0x0800097d   Thumb Code    90  stm32h7xx_hal_fdcan.o(i.HAL_FDCAN_ConfigFifoWatermark)
    HAL_FDCAN_ConfigFilter                   0x080009d7   Thumb Code   126  stm32h7xx_hal_fdcan.o(i.HAL_FDCAN_ConfigFilter)
    HAL_FDCAN_ConfigGlobalFilter             0x08000a55   Thumb Code    50  stm32h7xx_hal_fdcan.o(i.HAL_FDCAN_ConfigGlobalFilter)
    HAL_FDCAN_ErrorCallback                  0x08000a87   Thumb Code     2  stm32h7xx_hal_fdcan.o(i.HAL_FDCAN_ErrorCallback)
    HAL_FDCAN_ErrorStatusCallback            0x08000a89   Thumb Code     2  stm32h7xx_hal_fdcan.o(i.HAL_FDCAN_ErrorStatusCallback)
    HAL_FDCAN_GetRxMessage                   0x08000a8d   Thumb Code   400  stm32h7xx_hal_fdcan.o(i.HAL_FDCAN_GetRxMessage)
    HAL_FDCAN_HighPriorityMessageCallback    0x08000c21   Thumb Code     2  stm32h7xx_hal_fdcan.o(i.HAL_FDCAN_HighPriorityMessageCallback)
    HAL_FDCAN_IRQHandler                     0x08000c25   Thumb Code   788  stm32h7xx_hal_fdcan.o(i.HAL_FDCAN_IRQHandler)
    HAL_FDCAN_Init                           0x08000f45   Thumb Code   572  stm32h7xx_hal_fdcan.o(i.HAL_FDCAN_Init)
    HAL_FDCAN_MspInit                        0x08001189   Thumb Code   202  fdcan.o(i.HAL_FDCAN_MspInit)
    HAL_FDCAN_RxBufferNewMessageCallback     0x0800126d   Thumb Code     2  stm32h7xx_hal_fdcan.o(i.HAL_FDCAN_RxBufferNewMessageCallback)
    HAL_FDCAN_RxFifo0Callback                0x08001271   Thumb Code    34  can_bsp.o(i.HAL_FDCAN_RxFifo0Callback)
    HAL_FDCAN_RxFifo1Callback                0x0800129d   Thumb Code     2  stm32h7xx_hal_fdcan.o(i.HAL_FDCAN_RxFifo1Callback)
    HAL_FDCAN_Start                          0x0800129f   Thumb Code    50  stm32h7xx_hal_fdcan.o(i.HAL_FDCAN_Start)
    HAL_FDCAN_TT_GlobalTimeCallback          0x080012d1   Thumb Code     2  stm32h7xx_hal_fdcan.o(i.HAL_FDCAN_TT_GlobalTimeCallback)
    HAL_FDCAN_TT_ScheduleSyncCallback        0x080012d3   Thumb Code     2  stm32h7xx_hal_fdcan.o(i.HAL_FDCAN_TT_ScheduleSyncCallback)
    HAL_FDCAN_TT_StopWatchCallback           0x080012d5   Thumb Code     2  stm32h7xx_hal_fdcan.o(i.HAL_FDCAN_TT_StopWatchCallback)
    HAL_FDCAN_TT_TimeMarkCallback            0x080012d7   Thumb Code     2  stm32h7xx_hal_fdcan.o(i.HAL_FDCAN_TT_TimeMarkCallback)
    HAL_FDCAN_TimeoutOccurredCallback        0x080012d9   Thumb Code     2  stm32h7xx_hal_fdcan.o(i.HAL_FDCAN_TimeoutOccurredCallback)
    HAL_FDCAN_TimestampWraparoundCallback    0x080012db   Thumb Code     2  stm32h7xx_hal_fdcan.o(i.HAL_FDCAN_TimestampWraparoundCallback)
    HAL_FDCAN_TxBufferAbortCallback          0x080012dd   Thumb Code     2  stm32h7xx_hal_fdcan.o(i.HAL_FDCAN_TxBufferAbortCallback)
    HAL_FDCAN_TxBufferCompleteCallback       0x080012df   Thumb Code     2  stm32h7xx_hal_fdcan.o(i.HAL_FDCAN_TxBufferCompleteCallback)
    HAL_FDCAN_TxEventFifoCallback            0x080012e1   Thumb Code     2  stm32h7xx_hal_fdcan.o(i.HAL_FDCAN_TxEventFifoCallback)
    HAL_FDCAN_TxFifoEmptyCallback            0x080012e3   Thumb Code     2  stm32h7xx_hal_fdcan.o(i.HAL_FDCAN_TxFifoEmptyCallback)
    HAL_GPIO_Init                            0x080012e5   Thumb Code   496  stm32h7xx_hal_gpio.o(i.HAL_GPIO_Init)
    HAL_GPIO_WritePin                        0x08001501   Thumb Code    10  stm32h7xx_hal_gpio.o(i.HAL_GPIO_WritePin)
    HAL_GetTick                              0x0800150d   Thumb Code     6  stm32h7xx_hal.o(i.HAL_GetTick)
    HAL_IncTick                              0x08001519   Thumb Code    12  stm32h7xx_hal.o(i.HAL_IncTick)
    HAL_Init                                 0x08001529   Thumb Code    74  stm32h7xx_hal.o(i.HAL_Init)
    HAL_InitTick                             0x08001585   Thumb Code    56  stm32h7xx_hal.o(i.HAL_InitTick)
    HAL_MspInit                              0x080015c5   Thumb Code    22  stm32h7xx_hal_msp.o(i.HAL_MspInit)
    HAL_NVIC_EnableIRQ                       0x080015e1   Thumb Code    26  stm32h7xx_hal_cortex.o(i.HAL_NVIC_EnableIRQ)
    HAL_NVIC_SetPriority                     0x080015fd   Thumb Code    60  stm32h7xx_hal_cortex.o(i.HAL_NVIC_SetPriority)
    HAL_NVIC_SetPriorityGrouping             0x0800163d   Thumb Code    28  stm32h7xx_hal_cortex.o(i.HAL_NVIC_SetPriorityGrouping)
    HAL_PCDEx_ActivateLPM                    0x08001661   Thumb Code    34  stm32h7xx_hal_pcd_ex.o(i.HAL_PCDEx_ActivateLPM)
    HAL_PCDEx_LPM_Callback                   0x08001689   Thumb Code     2  stm32h7xx_hal_pcd_ex.o(i.HAL_PCDEx_LPM_Callback)
    HAL_PCDEx_SetRxFiFo                      0x0800168b   Thumb Code     8  stm32h7xx_hal_pcd_ex.o(i.HAL_PCDEx_SetRxFiFo)
    HAL_PCDEx_SetTxFiFo                      0x08001693   Thumb Code    70  stm32h7xx_hal_pcd_ex.o(i.HAL_PCDEx_SetTxFiFo)
    HAL_PCD_ConnectCallback                  0x080016d9   Thumb Code     8  usbd_conf.o(i.HAL_PCD_ConnectCallback)
    HAL_PCD_DataInStageCallback              0x080016e1   Thumb Code    18  usbd_conf.o(i.HAL_PCD_DataInStageCallback)
    HAL_PCD_DataOutStageCallback             0x080016f3   Thumb Code    20  usbd_conf.o(i.HAL_PCD_DataOutStageCallback)
    HAL_PCD_DisconnectCallback               0x08001707   Thumb Code     8  usbd_conf.o(i.HAL_PCD_DisconnectCallback)
    HAL_PCD_EP_Abort                         0x0800170f   Thumb Code    30  stm32h7xx_hal_pcd.o(i.HAL_PCD_EP_Abort)
    HAL_PCD_EP_Close                         0x0800172d   Thumb Code    76  stm32h7xx_hal_pcd.o(i.HAL_PCD_EP_Close)
    HAL_PCD_EP_ClrStall                      0x08001779   Thumb Code    92  stm32h7xx_hal_pcd.o(i.HAL_PCD_EP_ClrStall)
    HAL_PCD_EP_GetRxCount                    0x080017d5   Thumb Code    18  stm32h7xx_hal_pcd.o(i.HAL_PCD_EP_GetRxCount)
    HAL_PCD_EP_Open                          0x080017e7   Thumb Code    96  stm32h7xx_hal_pcd.o(i.HAL_PCD_EP_Open)
    HAL_PCD_EP_Receive                       0x08001847   Thumb Code    52  stm32h7xx_hal_pcd.o(i.HAL_PCD_EP_Receive)
    HAL_PCD_EP_SetStall                      0x0800187b   Thumb Code   116  stm32h7xx_hal_pcd.o(i.HAL_PCD_EP_SetStall)
    HAL_PCD_EP_Transmit                      0x080018ef   Thumb Code    52  stm32h7xx_hal_pcd.o(i.HAL_PCD_EP_Transmit)
    HAL_PCD_IRQHandler                       0x08001925   Thumb Code  1436  stm32h7xx_hal_pcd.o(i.HAL_PCD_IRQHandler)
    HAL_PCD_ISOINIncompleteCallback          0x08001ec1   Thumb Code     8  usbd_conf.o(i.HAL_PCD_ISOINIncompleteCallback)
    HAL_PCD_ISOOUTIncompleteCallback         0x08001ec9   Thumb Code     8  usbd_conf.o(i.HAL_PCD_ISOOUTIncompleteCallback)
    HAL_PCD_Init                             0x08001ed1   Thumb Code   242  stm32h7xx_hal_pcd.o(i.HAL_PCD_Init)
    HAL_PCD_MspInit                          0x08001fc5   Thumb Code    92  usbd_conf.o(i.HAL_PCD_MspInit)
    HAL_PCD_ResetCallback                    0x08002029   Thumb Code    44  usbd_conf.o(i.HAL_PCD_ResetCallback)
    HAL_PCD_ResumeCallback                   0x08002055   Thumb Code     8  usbd_conf.o(i.HAL_PCD_ResumeCallback)
    HAL_PCD_SOFCallback                      0x0800205d   Thumb Code     8  usbd_conf.o(i.HAL_PCD_SOFCallback)
    HAL_PCD_SetAddress                       0x08002065   Thumb Code    40  stm32h7xx_hal_pcd.o(i.HAL_PCD_SetAddress)
    HAL_PCD_SetupStageCallback               0x0800208d   Thumb Code    14  usbd_conf.o(i.HAL_PCD_SetupStageCallback)
    HAL_PCD_Start                            0x0800209b   Thumb Code    66  stm32h7xx_hal_pcd.o(i.HAL_PCD_Start)
    HAL_PCD_SuspendCallback                  0x080020dd   Thumb Code    44  usbd_conf.o(i.HAL_PCD_SuspendCallback)
    HAL_PWREx_ConfigSupply                   0x0800210d   Thumb Code    78  stm32h7xx_hal_pwr_ex.o(i.HAL_PWREx_ConfigSupply)
    HAL_PWREx_EnableUSBVoltageDetector       0x08002161   Thumb Code    12  stm32h7xx_hal_pwr_ex.o(i.HAL_PWREx_EnableUSBVoltageDetector)
    HAL_RCCEx_PeriphCLKConfig                0x08002171   Thumb Code  2362  stm32h7xx_hal_rcc_ex.o(i.HAL_RCCEx_PeriphCLKConfig)
    HAL_RCC_ClockConfig                      0x08002aad   Thumb Code   580  stm32h7xx_hal_rcc.o(i.HAL_RCC_ClockConfig)
    HAL_RCC_GetHCLKFreq                      0x08002d09   Thumb Code    52  stm32h7xx_hal_rcc.o(i.HAL_RCC_GetHCLKFreq)
    HAL_RCC_GetSysClockFreq                  0x08002d4d   Thumb Code   278  stm32h7xx_hal_rcc.o(i.HAL_RCC_GetSysClockFreq)
    HAL_RCC_OscConfig                        0x08002e85   Thumb Code  1318  stm32h7xx_hal_rcc.o(i.HAL_RCC_OscConfig)
    HAL_SYSTICK_CLKSourceConfig              0x080033ab   Thumb Code    24  stm32h7xx_hal_cortex.o(i.HAL_SYSTICK_CLKSourceConfig)
    HAL_SYSTICK_Config                       0x080033c3   Thumb Code    38  stm32h7xx_hal_cortex.o(i.HAL_SYSTICK_Config)
    HAL_TIMEx_Break2Callback                 0x080033e9   Thumb Code     2  stm32h7xx_hal_tim_ex.o(i.HAL_TIMEx_Break2Callback)
    HAL_TIMEx_BreakCallback                  0x080033eb   Thumb Code     2  stm32h7xx_hal_tim_ex.o(i.HAL_TIMEx_BreakCallback)
    HAL_TIMEx_CommutCallback                 0x080033ed   Thumb Code     2  stm32h7xx_hal_tim_ex.o(i.HAL_TIMEx_CommutCallback)
    HAL_TIMEx_MasterConfigSynchronization    0x080033f1   Thumb Code   146  stm32h7xx_hal_tim_ex.o(i.HAL_TIMEx_MasterConfigSynchronization)
    HAL_TIM_Base_Init                        0x080034a9   Thumb Code    98  stm32h7xx_hal_tim.o(i.HAL_TIM_Base_Init)
    HAL_TIM_Base_MspInit                     0x0800350d   Thumb Code    50  tim.o(i.HAL_TIM_Base_MspInit)
    HAL_TIM_Base_Start_IT                    0x08003549   Thumb Code   118  stm32h7xx_hal_tim.o(i.HAL_TIM_Base_Start_IT)
    HAL_TIM_ConfigClockSource                0x080035e9   Thumb Code   248  stm32h7xx_hal_tim.o(i.HAL_TIM_ConfigClockSource)
    HAL_TIM_IC_CaptureCallback               0x080036e5   Thumb Code     2  stm32h7xx_hal_tim.o(i.HAL_TIM_IC_CaptureCallback)
    HAL_TIM_IRQHandler                       0x080036e7   Thumb Code   386  stm32h7xx_hal_tim.o(i.HAL_TIM_IRQHandler)
    HAL_TIM_OC_DelayElapsedCallback          0x08003869   Thumb Code     2  stm32h7xx_hal_tim.o(i.HAL_TIM_OC_DelayElapsedCallback)
    HAL_TIM_PWM_PulseFinishedCallback        0x0800386b   Thumb Code     2  stm32h7xx_hal_tim.o(i.HAL_TIM_PWM_PulseFinishedCallback)
    HAL_TIM_PeriodElapsedCallback            0x0800386d   Thumb Code   128  main.o(i.HAL_TIM_PeriodElapsedCallback)
    HAL_TIM_TriggerCallback                  0x08003909   Thumb Code     2  stm32h7xx_hal_tim.o(i.HAL_TIM_TriggerCallback)
    HardFault_Handler                        0x0800390b   Thumb Code     2  stm32h7xx_it.o(i.HardFault_Handler)
    MX_FDCAN1_Init                           0x08003945   Thumb Code    96  fdcan.o(i.MX_FDCAN1_Init)
    MX_FDCAN2_Init                           0x080039ad   Thumb Code    98  fdcan.o(i.MX_FDCAN2_Init)
    MX_GPIO_Init                             0x08003a19   Thumb Code   118  gpio.o(i.MX_GPIO_Init)
    MX_TIM3_Init                             0x08003a99   Thumb Code    94  tim.o(i.MX_TIM3_Init)
    MX_USB_DEVICE_Init                       0x08003b01   Thumb Code    66  usb_device.o(i.MX_USB_DEVICE_Init)
    MemManage_Handler                        0x08003b55   Thumb Code     2  stm32h7xx_it.o(i.MemManage_Handler)
    NMI_Handler                              0x08003b57   Thumb Code     2  stm32h7xx_it.o(i.NMI_Handler)
    OTG_HS_IRQHandler                        0x08003b59   Thumb Code     6  stm32h7xx_it.o(i.OTG_HS_IRQHandler)
    PendSV_Handler                           0x08003cd3   Thumb Code     2  stm32h7xx_it.o(i.PendSV_Handler)
    PeriphCommonClock_Config                 0x08003cd5   Thumb Code    68  main.o(i.PeriphCommonClock_Config)
    SVC_Handler                              0x08003f59   Thumb Code     2  stm32h7xx_it.o(i.SVC_Handler)
    SysTick_Handler                          0x08003f65   Thumb Code     4  stm32h7xx_it.o(i.SysTick_Handler)
    SystemClock_Config                       0x08003f69   Thumb Code   148  main.o(i.SystemClock_Config)
    SystemInit                               0x08004001   Thumb Code   158  system_stm32h7xx.o(i.SystemInit)
    TIM3_IRQHandler                          0x080040c1   Thumb Code     6  stm32h7xx_it.o(i.TIM3_IRQHandler)
    TIM_Base_SetConfig                       0x080040cd   Thumb Code   174  stm32h7xx_hal_tim.o(i.TIM_Base_SetConfig)
    TIM_ETR_SetConfig                        0x080041a5   Thumb Code    18  stm32h7xx_hal_tim.o(i.TIM_ETR_SetConfig)
    USBD_CDC_GetDeviceQualifierDescriptor    0x0800438d   Thumb Code     8  usbd_cdc.o(i.USBD_CDC_GetDeviceQualifierDescriptor)
    USBD_CDC_ReceivePacket                   0x08004575   Thumb Code    50  usbd_cdc.o(i.USBD_CDC_ReceivePacket)
    USBD_CDC_RegisterInterface               0x080045ad   Thumb Code    22  usbd_cdc.o(i.USBD_CDC_RegisterInterface)
    USBD_CDC_SetRxBuffer                     0x080045c3   Thumb Code    26  usbd_cdc.o(i.USBD_CDC_SetRxBuffer)
    USBD_CDC_SetTxBuffer                     0x080045dd   Thumb Code    30  usbd_cdc.o(i.USBD_CDC_SetTxBuffer)
    USBD_CDC_TransmitPacket                  0x080046c9   Thumb Code    76  usbd_cdc.o(i.USBD_CDC_TransmitPacket)
    USBD_ClrClassConfig                      0x08004719   Thumb Code    20  usbd_core.o(i.USBD_ClrClassConfig)
    USBD_CoreFindEP                          0x0800472d   Thumb Code     4  usbd_core.o(i.USBD_CoreFindEP)
    USBD_CoreFindIF                          0x08004731   Thumb Code     4  usbd_core.o(i.USBD_CoreFindIF)
    USBD_CtlContinueRx                       0x08004735   Thumb Code    16  usbd_ioreq.o(i.USBD_CtlContinueRx)
    USBD_CtlContinueSendData                 0x08004745   Thumb Code    16  usbd_ioreq.o(i.USBD_CtlContinueSendData)
    USBD_CtlError                            0x08004755   Thumb Code    22  usbd_ctlreq.o(i.USBD_CtlError)
    USBD_CtlPrepareRx                        0x0800476b   Thumb Code    30  usbd_ioreq.o(i.USBD_CtlPrepareRx)
    USBD_CtlReceiveStatus                    0x08004789   Thumb Code    22  usbd_ioreq.o(i.USBD_CtlReceiveStatus)
    USBD_CtlSendData                         0x0800479f   Thumb Code    26  usbd_ioreq.o(i.USBD_CtlSendData)
    USBD_CtlSendStatus                       0x080047b9   Thumb Code    22  usbd_ioreq.o(i.USBD_CtlSendStatus)
    USBD_GetEpDesc                           0x080048c9   Thumb Code    58  usbd_core.o(i.USBD_GetEpDesc)
    USBD_GetNextDesc                         0x08004903   Thumb Code    14  usbd_core.o(i.USBD_GetNextDesc)
    USBD_GetString                           0x08004911   Thumb Code    74  usbd_ctlreq.o(i.USBD_GetString)
    USBD_Get_USB_Status                      0x0800495b   Thumb Code    24  usbd_conf.o(i.USBD_Get_USB_Status)
    USBD_HS_ConfigStrDescriptor              0x08004975   Thumb Code    16  usbd_desc.o(i.USBD_HS_ConfigStrDescriptor)
    USBD_HS_DeviceDescriptor                 0x08004995   Thumb Code     8  usbd_desc.o(i.USBD_HS_DeviceDescriptor)
    USBD_HS_InterfaceStrDescriptor           0x080049a1   Thumb Code    16  usbd_desc.o(i.USBD_HS_InterfaceStrDescriptor)
    USBD_HS_LangIDStrDescriptor              0x080049c5   Thumb Code     8  usbd_desc.o(i.USBD_HS_LangIDStrDescriptor)
    USBD_HS_ManufacturerStrDescriptor        0x080049d1   Thumb Code    16  usbd_desc.o(i.USBD_HS_ManufacturerStrDescriptor)
    USBD_HS_ProductStrDescriptor             0x080049f9   Thumb Code    16  usbd_desc.o(i.USBD_HS_ProductStrDescriptor)
    USBD_HS_SerialStrDescriptor              0x08004a25   Thumb Code    50  usbd_desc.o(i.USBD_HS_SerialStrDescriptor)
    USBD_Init                                0x08004a61   Thumb Code    38  usbd_core.o(i.USBD_Init)
    USBD_LL_ClearStallEP                     0x08004a87   Thumb Code    18  usbd_conf.o(i.USBD_LL_ClearStallEP)
    USBD_LL_CloseEP                          0x08004a99   Thumb Code    18  usbd_conf.o(i.USBD_LL_CloseEP)
    USBD_LL_DataInStage                      0x08004aab   Thumb Code   184  usbd_core.o(i.USBD_LL_DataInStage)
    USBD_LL_DataOutStage                     0x08004b63   Thumb Code   144  usbd_core.o(i.USBD_LL_DataOutStage)
    USBD_LL_DevConnected                     0x08004bf3   Thumb Code     4  usbd_core.o(i.USBD_LL_DevConnected)
    USBD_LL_DevDisconnected                  0x08004bf7   Thumb Code    32  usbd_core.o(i.USBD_LL_DevDisconnected)
    USBD_LL_GetRxDataSize                    0x08004c17   Thumb Code     8  usbd_conf.o(i.USBD_LL_GetRxDataSize)
    USBD_LL_Init                             0x08004c21   Thumb Code    96  usbd_conf.o(i.USBD_LL_Init)
    USBD_LL_IsStallEP                        0x08004c89   Thumb Code    32  usbd_conf.o(i.USBD_LL_IsStallEP)
    USBD_LL_IsoINIncomplete                  0x08004ca9   Thumb Code    40  usbd_core.o(i.USBD_LL_IsoINIncomplete)
    USBD_LL_IsoOUTIncomplete                 0x08004cd1   Thumb Code    40  usbd_core.o(i.USBD_LL_IsoOUTIncomplete)
    USBD_LL_OpenEP                           0x08004cf9   Thumb Code    24  usbd_conf.o(i.USBD_LL_OpenEP)
    USBD_LL_PrepareReceive                   0x08004d11   Thumb Code    18  usbd_conf.o(i.USBD_LL_PrepareReceive)
    USBD_LL_Reset                            0x08004d23   Thumb Code    94  usbd_core.o(i.USBD_LL_Reset)
    USBD_LL_Resume                           0x08004d81   Thumb Code    20  usbd_core.o(i.USBD_LL_Resume)
    USBD_LL_SOF                              0x08004d95   Thumb Code    26  usbd_core.o(i.USBD_LL_SOF)
    USBD_LL_SetSpeed                         0x08004daf   Thumb Code     6  usbd_core.o(i.USBD_LL_SetSpeed)
    USBD_LL_SetUSBAddress                    0x08004db5   Thumb Code    18  usbd_conf.o(i.USBD_LL_SetUSBAddress)
    USBD_LL_SetupStage                       0x08004dc7   Thumb Code    96  usbd_core.o(i.USBD_LL_SetupStage)
    USBD_LL_StallEP                          0x08004e27   Thumb Code    18  usbd_conf.o(i.USBD_LL_StallEP)
    USBD_LL_Start                            0x08004e39   Thumb Code    18  usbd_conf.o(i.USBD_LL_Start)
    USBD_LL_Suspend                          0x08004e4b   Thumb Code    26  usbd_core.o(i.USBD_LL_Suspend)
    USBD_LL_Transmit                         0x08004e65   Thumb Code    18  usbd_conf.o(i.USBD_LL_Transmit)
    USBD_ParseSetupRequest                   0x08004e77   Thumb Code    42  usbd_ctlreq.o(i.USBD_ParseSetupRequest)
    USBD_RegisterClass                       0x08004ea1   Thumb Code    58  usbd_core.o(i.USBD_RegisterClass)
    USBD_SetClassConfig                      0x08004edb   Thumb Code    20  usbd_core.o(i.USBD_SetClassConfig)
    USBD_Start                               0x08004fad   Thumb Code     4  usbd_core.o(i.USBD_Start)
    USBD_StdDevReq                           0x08004fb1   Thumb Code   302  usbd_ctlreq.o(i.USBD_StdDevReq)
    USBD_StdEPReq                            0x080050df   Thumb Code   356  usbd_ctlreq.o(i.USBD_StdEPReq)
    USBD_StdItfReq                           0x08005243   Thumb Code   116  usbd_ctlreq.o(i.USBD_StdItfReq)
    USBD_static_free                         0x080052b7   Thumb Code     2  usbd_conf.o(i.USBD_static_free)
    USBD_static_malloc                       0x080052b9   Thumb Code     4  usbd_conf.o(i.USBD_static_malloc)
    USB_ActivateEndpoint                     0x080052c1   Thumb Code   124  stm32h7xx_ll_usb.o(i.USB_ActivateEndpoint)
    USB_ActivateSetup                        0x08005341   Thumb Code    28  stm32h7xx_ll_usb.o(i.USB_ActivateSetup)
    USB_CoreInit                             0x0800535d   Thumb Code   128  stm32h7xx_ll_usb.o(i.USB_CoreInit)
    USB_DeactivateEndpoint                   0x08005425   Thumb Code   194  stm32h7xx_ll_usb.o(i.USB_DeactivateEndpoint)
    USB_DevConnect                           0x080054f1   Thumb Code    28  stm32h7xx_ll_usb.o(i.USB_DevConnect)
    USB_DevDisconnect                        0x0800550d   Thumb Code    28  stm32h7xx_ll_usb.o(i.USB_DevDisconnect)
    USB_DevInit                              0x08005529   Thumb Code   366  stm32h7xx_ll_usb.o(i.USB_DevInit)
    USB_DisableGlobalInt                     0x080056a1   Thumb Code    12  stm32h7xx_ll_usb.o(i.USB_DisableGlobalInt)
    USB_EP0_OutStart                         0x080056ad   Thumb Code    84  stm32h7xx_ll_usb.o(i.USB_EP0_OutStart)
    USB_EPClearStall                         0x08005705   Thumb Code    88  stm32h7xx_ll_usb.o(i.USB_EPClearStall)
    USB_EPSetStall                           0x0800575d   Thumb Code    88  stm32h7xx_ll_usb.o(i.USB_EPSetStall)
    USB_EPStartXfer                          0x080057b5   Thumb Code   562  stm32h7xx_ll_usb.o(i.USB_EPStartXfer)
    USB_EPStopXfer                           0x080059ed   Thumb Code   158  stm32h7xx_ll_usb.o(i.USB_EPStopXfer)
    USB_EnableGlobalInt                      0x08005a8b   Thumb Code    12  stm32h7xx_ll_usb.o(i.USB_EnableGlobalInt)
    USB_FlushRxFifo                          0x08005a99   Thumb Code    54  stm32h7xx_ll_usb.o(i.USB_FlushRxFifo)
    USB_FlushTxFifo                          0x08005ad5   Thumb Code    58  stm32h7xx_ll_usb.o(i.USB_FlushTxFifo)
    USB_GetDevSpeed                          0x08005b15   Thumb Code    26  stm32h7xx_ll_usb.o(i.USB_GetDevSpeed)
    USB_GetMode                              0x08005b2f   Thumb Code     8  stm32h7xx_ll_usb.o(i.USB_GetMode)
    USB_ReadDevAllInEpInterrupt              0x08005b37   Thumb Code    14  stm32h7xx_ll_usb.o(i.USB_ReadDevAllInEpInterrupt)
    USB_ReadDevAllOutEpInterrupt             0x08005b45   Thumb Code    14  stm32h7xx_ll_usb.o(i.USB_ReadDevAllOutEpInterrupt)
    USB_ReadDevInEPInterrupt                 0x08005b53   Thumb Code    36  stm32h7xx_ll_usb.o(i.USB_ReadDevInEPInterrupt)
    USB_ReadDevOutEPInterrupt                0x08005b77   Thumb Code    16  stm32h7xx_ll_usb.o(i.USB_ReadDevOutEPInterrupt)
    USB_ReadInterrupts                       0x08005b87   Thumb Code     8  stm32h7xx_ll_usb.o(i.USB_ReadInterrupts)
    USB_ReadPacket                           0x08005b8f   Thumb Code    64  stm32h7xx_ll_usb.o(i.USB_ReadPacket)
    USB_SetCurrentMode                       0x08005bcf   Thumb Code    94  stm32h7xx_ll_usb.o(i.USB_SetCurrentMode)
    USB_SetDevAddress                        0x08005c2d   Thumb Code    34  stm32h7xx_ll_usb.o(i.USB_SetDevAddress)
    USB_SetTurnaroundTime                    0x08005c51   Thumb Code   158  stm32h7xx_ll_usb.o(i.USB_SetTurnaroundTime)
    USB_WritePacket                          0x08005d39   Thumb Code    40  stm32h7xx_ll_usb.o(i.USB_WritePacket)
    UsageFault_Handler                       0x08005d61   Thumb Code     2  stm32h7xx_it.o(i.UsageFault_Handler)
    can_bsp_init                             0x08005d85   Thumb Code    42  can_bsp.o(i.can_bsp_init)
    can_filter_init                          0x08005db9   Thumb Code    58  can_bsp.o(i.can_filter_init)
    delay_init                               0x08005df9   Thumb Code    16  delay.o(i.delay_init)
    delay_ms                                 0x08005e0d   Thumb Code    24  delay.o(i.delay_ms)
    delay_us                                 0x08005e25   Thumb Code    48  delay.o(i.delay_us)
    dm4310_ctrl_send                         0x08005e59   Thumb Code   108  dm4310_drv.o(i.dm4310_ctrl_send)
    dm4310_enable                            0x08005ec5   Thumb Code    52  dm4310_drv.o(i.dm4310_enable)
    dm4310_fbdata                            0x08005ef9   Thumb Code   142  dm4310_drv.o(i.dm4310_fbdata)
    dm4310_motor_init                        0x08005f89   Thumb Code   354  dm4310_ctrl.o(i.dm4310_motor_init)
    enable_motor_mode                        0x08006101   Thumb Code    52  dm4310_drv.o(i.enable_motor_mode)
    fdcan1_rx_callback                       0x08006135   Thumb Code    86  dm4310_ctrl.o(i.fdcan1_rx_callback)
    fdcan2_rx_callback                       0x08006199   Thumb Code    86  dm4310_ctrl.o(i.fdcan2_rx_callback)
    fdcanx_receive                           0x080061fd   Thumb Code    36  can_bsp.o(i.fdcanx_receive)
    fdcanx_send_data                         0x08006221   Thumb Code    42  can_bsp.o(i.fdcanx_send_data)
    float_to_uint                            0x0800624b   Thumb Code    40  dm4310_drv.o(i.float_to_uint)
    main                                     0x08006275   Thumb Code   684  main.o(i.main)
    mit_ctrl                                 0x08006559   Thumb Code   188  dm4310_drv.o(i.mit_ctrl)
    pos_force_ctrl                           0x0800661d   Thumb Code    70  dm4310_drv.o(i.pos_force_ctrl)
    pos_speed_ctrl                           0x08006663   Thumb Code    76  dm4310_drv.o(i.pos_speed_ctrl)
    receive_data_control                     0x080066b1   Thumb Code   108  usbreceive.o(i.receive_data_control)
    send_data                                0x08006725   Thumb Code   294  usbsent.o(i.send_data)
    speed_ctrl                               0x08006851   Thumb Code    44  dm4310_drv.o(i.speed_ctrl)
    uint_to_float                            0x0800687d   Thumb Code    40  dm4310_drv.o(i.uint_to_float)
    _fp_init                                 0x080068a5   Thumb Code    10  fpinit.o(x$fpl$fpinit)
    __fplib_config_fpu_vfp                   0x080068ad   Thumb Code     0  fpinit.o(x$fpl$fpinit)
    __fplib_config_pureend_doubles           0x080068ad   Thumb Code     0  fpinit.o(x$fpl$fpinit)
    D1CorePrescTable                         0x0800690c   Data          16  system_stm32h7xx.o(.constdata)
    Region$$Table$$Base                      0x0800691c   Number         0  anon$$obj.o(Region$$Table)
    Region$$Table$$Limit                     0x0800693c   Number         0  anon$$obj.o(Region$$Table)
    Len                                      0x24000000   Data           4  main.o(.data)
    uwTickFreq                               0x24000008   Data           1  stm32h7xx_hal.o(.data)
    uwTickPrio                               0x2400000c   Data           4  stm32h7xx_hal.o(.data)
    uwTick                                   0x24000010   Data           4  stm32h7xx_hal.o(.data)
    SystemCoreClock                          0x24000014   Data           4  system_stm32h7xx.o(.data)
    SystemD2Clock                            0x24000018   Data           4  system_stm32h7xx.o(.data)
    motor_lower_limit                        0x24000020   Data          48  usbreceive.o(.data)
    motor_higher_limit                       0x24000050   Data          48  usbreceive.o(.data)
    HS_Desc                                  0x24000080   Data          32  usbd_desc.o(.data)
    USBD_LangIDDesc                          0x240000a0   Data           4  usbd_desc.o(.data)
    USBD_HS_DeviceDesc                       0x240000a4   Data          18  usbd_desc.o(.data)
    USBD_HS_BOSDesc                          0x240000b8   Data          12  usbd_desc.o(.data)
    USBD_StringSerial                        0x240000c4   Data          26  usbd_desc.o(.data)
    buffer_index                             0x240000de   Data           1  usbd_cdc_if.o(.data)
    receiving                                0x240000df   Data           1  usbd_cdc_if.o(.data)
    USBD_Interface_fops_HS                   0x240000e0   Data          20  usbd_cdc_if.o(.data)
    USBD_CDC                                 0x2400014c   Data          56  usbd_cdc.o(.data)
    receive_data_buffer                      0x24000184   Data          26  main.o(.bss)
    hfdcan1                                  0x240001a0   Data         160  fdcan.o(.bss)
    hfdcan2                                  0x24000240   Data         160  fdcan.o(.bss)
    htim3                                    0x240002e0   Data          76  tim.o(.bss)
    motor                                    0x2400032c   Data        1296  dm4310_ctrl.o(.bss)
    buffer                                   0x2400083c   Data          50  usbsent.o(.bss)
    target_q                                 0x24000870   Data          48  usbreceive.o(.bss)
    hUsbDeviceHS                             0x240008a0   Data         732  usb_device.o(.bss)
    USBD_StrDesc                             0x24000b7c   Data         512  usbd_desc.o(.bss)
    received_numbers                         0x24000d7c   Data          24  usbd_cdc_if.o(.bss)
    receive_buffer                           0x24000d94   Data          26  usbd_cdc_if.o(.bss)
    UserRxBufferHS                           0x24000dae   Data        2048  usbd_cdc_if.o(.bss)
    UserTxBufferHS                           0x240015ae   Data        2048  usbd_cdc_if.o(.bss)
    hpcd_USB_OTG_HS                          0x24001fd0   Data        1292  usbd_conf.o(.bss)
    __libspace_start                         0x240024dc   Data          96  libspace.o(.bss)
    __temporary_stack_top$libspace           0x2400253c   Data           0  libspace.o(.bss)



==============================================================================

Memory Map of the image

  Image Entry point : 0x080002cd

  Load Region LR_IROM1 (Base: 0x08000000, Size: 0x00006ac0, Max: 0x00100000, ABSOLUTE, COMPRESSED[0x00006a3c])

    Execution Region ER_IROM1 (Exec base: 0x08000000, Load base: 0x08000000, Size: 0x0000693c, Max: 0x00100000, ABSOLUTE)

    Exec Addr    Load Addr    Size         Type   Attr      Idx    E Section Name        Object

    0x08000000   0x08000000   0x000002cc   Data   RO            3    RESET               startup_stm32h723xx.o
    0x080002cc   0x080002cc   0x00000008   Code   RO         6301  * !!!main             c_w.l(__main.o)
    0x080002d4   0x080002d4   0x00000034   Code   RO         6460    !!!scatter          c_w.l(__scatter.o)
    0x08000308   0x08000308   0x0000005a   Code   RO         6458    !!dczerorl2         c_w.l(__dczerorl2.o)
    0x08000362   0x08000362   0x00000002   PAD
    0x08000364   0x08000364   0x0000001c   Code   RO         6462    !!handler_zi        c_w.l(__scatter_zi.o)
    0x08000380   0x08000380   0x00000002   Code   RO         6328    .ARM.Collect$$libinit$$00000000  c_w.l(libinit.o)
    0x08000382   0x08000382   0x00000004   Code   RO         6334    .ARM.Collect$$libinit$$00000001  c_w.l(libinit2.o)
    0x08000386   0x08000386   0x00000000   Code   RO         6337    .ARM.Collect$$libinit$$00000004  c_w.l(libinit2.o)
    0x08000386   0x08000386   0x00000000   Code   RO         6340    .ARM.Collect$$libinit$$0000000A  c_w.l(libinit2.o)
    0x08000386   0x08000386   0x00000000   Code   RO         6342    .ARM.Collect$$libinit$$0000000C  c_w.l(libinit2.o)
    0x08000386   0x08000386   0x00000000   Code   RO         6344    .ARM.Collect$$libinit$$0000000E  c_w.l(libinit2.o)
    0x08000386   0x08000386   0x00000000   Code   RO         6347    .ARM.Collect$$libinit$$00000011  c_w.l(libinit2.o)
    0x08000386   0x08000386   0x00000000   Code   RO         6349    .ARM.Collect$$libinit$$00000013  c_w.l(libinit2.o)
    0x08000386   0x08000386   0x00000000   Code   RO         6351    .ARM.Collect$$libinit$$00000015  c_w.l(libinit2.o)
    0x08000386   0x08000386   0x00000000   Code   RO         6353    .ARM.Collect$$libinit$$00000017  c_w.l(libinit2.o)
    0x08000386   0x08000386   0x00000000   Code   RO         6355    .ARM.Collect$$libinit$$00000019  c_w.l(libinit2.o)
    0x08000386   0x08000386   0x00000000   Code   RO         6357    .ARM.Collect$$libinit$$0000001B  c_w.l(libinit2.o)
    0x08000386   0x08000386   0x00000000   Code   RO         6359    .ARM.Collect$$libinit$$0000001D  c_w.l(libinit2.o)
    0x08000386   0x08000386   0x00000000   Code   RO         6361    .ARM.Collect$$libinit$$0000001F  c_w.l(libinit2.o)
    0x08000386   0x08000386   0x00000000   Code   RO         6363    .ARM.Collect$$libinit$$00000021  c_w.l(libinit2.o)
    0x08000386   0x08000386   0x00000000   Code   RO         6365    .ARM.Collect$$libinit$$00000023  c_w.l(libinit2.o)
    0x08000386   0x08000386   0x00000000   Code   RO         6367    .ARM.Collect$$libinit$$00000025  c_w.l(libinit2.o)
    0x08000386   0x08000386   0x00000000   Code   RO         6371    .ARM.Collect$$libinit$$0000002C  c_w.l(libinit2.o)
    0x08000386   0x08000386   0x00000000   Code   RO         6373    .ARM.Collect$$libinit$$0000002E  c_w.l(libinit2.o)
    0x08000386   0x08000386   0x00000000   Code   RO         6375    .ARM.Collect$$libinit$$00000030  c_w.l(libinit2.o)
    0x08000386   0x08000386   0x00000000   Code   RO         6377    .ARM.Collect$$libinit$$00000032  c_w.l(libinit2.o)
    0x08000386   0x08000386   0x00000002   Code   RO         6378    .ARM.Collect$$libinit$$00000033  c_w.l(libinit2.o)
    0x08000388   0x08000388   0x00000002   Code   RO         6398    .ARM.Collect$$libshutdown$$00000000  c_w.l(libshutdown.o)
    0x0800038a   0x0800038a   0x00000000   Code   RO         6411    .ARM.Collect$$libshutdown$$00000002  c_w.l(libshutdown2.o)
    0x0800038a   0x0800038a   0x00000000   Code   RO         6413    .ARM.Collect$$libshutdown$$00000004  c_w.l(libshutdown2.o)
    0x0800038a   0x0800038a   0x00000000   Code   RO         6416    .ARM.Collect$$libshutdown$$00000007  c_w.l(libshutdown2.o)
    0x0800038a   0x0800038a   0x00000000   Code   RO         6419    .ARM.Collect$$libshutdown$$0000000A  c_w.l(libshutdown2.o)
    0x0800038a   0x0800038a   0x00000000   Code   RO         6421    .ARM.Collect$$libshutdown$$0000000C  c_w.l(libshutdown2.o)
    0x0800038a   0x0800038a   0x00000000   Code   RO         6424    .ARM.Collect$$libshutdown$$0000000F  c_w.l(libshutdown2.o)
    0x0800038a   0x0800038a   0x00000002   Code   RO         6425    .ARM.Collect$$libshutdown$$00000010  c_w.l(libshutdown2.o)
    0x0800038c   0x0800038c   0x00000000   Code   RO         6303    .ARM.Collect$$rtentry$$00000000  c_w.l(__rtentry.o)
    0x0800038c   0x0800038c   0x00000000   Code   RO         6305    .ARM.Collect$$rtentry$$00000002  c_w.l(__rtentry2.o)
    0x0800038c   0x0800038c   0x00000006   Code   RO         6317    .ARM.Collect$$rtentry$$00000004  c_w.l(__rtentry4.o)
    0x08000392   0x08000392   0x00000000   Code   RO         6307    .ARM.Collect$$rtentry$$00000009  c_w.l(__rtentry2.o)
    0x08000392   0x08000392   0x00000004   Code   RO         6308    .ARM.Collect$$rtentry$$0000000A  c_w.l(__rtentry2.o)
    0x08000396   0x08000396   0x00000000   Code   RO         6310    .ARM.Collect$$rtentry$$0000000C  c_w.l(__rtentry2.o)
    0x08000396   0x08000396   0x00000008   Code   RO         6311    .ARM.Collect$$rtentry$$0000000D  c_w.l(__rtentry2.o)
    0x0800039e   0x0800039e   0x00000002   Code   RO         6332    .ARM.Collect$$rtexit$$00000000  c_w.l(rtexit.o)
    0x080003a0   0x080003a0   0x00000000   Code   RO         6380    .ARM.Collect$$rtexit$$00000002  c_w.l(rtexit2.o)
    0x080003a0   0x080003a0   0x00000004   Code   RO         6381    .ARM.Collect$$rtexit$$00000003  c_w.l(rtexit2.o)
    0x080003a4   0x080003a4   0x00000006   Code   RO         6382    .ARM.Collect$$rtexit$$00000004  c_w.l(rtexit2.o)
    0x080003aa   0x080003aa   0x00000002   PAD
    0x080003ac   0x080003ac   0x00000040   Code   RO            4    .text               startup_stm32h723xx.o
    0x080003ec   0x080003ec   0x00000064   Code   RO         6295    .text               c_w.l(rt_memcpy_w.o)
    0x08000450   0x08000450   0x0000004e   Code   RO         6297    .text               c_w.l(rt_memclr_w.o)
    0x0800049e   0x0800049e   0x00000006   Code   RO         6299    .text               c_w.l(heapauxi.o)
    0x080004a4   0x080004a4   0x0000004a   Code   RO         6319    .text               c_w.l(sys_stackheap_outer.o)
    0x080004ee   0x080004ee   0x00000012   Code   RO         6321    .text               c_w.l(exit.o)
    0x08000500   0x08000500   0x00000008   Code   RO         6329    .text               c_w.l(libspace.o)
    0x08000508   0x08000508   0x0000000c   Code   RO         6390    .text               c_w.l(sys_exit.o)
    0x08000514   0x08000514   0x00000002   Code   RO         6401    .text               c_w.l(use_no_semi.o)
    0x08000516   0x08000516   0x00000000   Code   RO         6403    .text               c_w.l(indicate_semi.o)
    0x08000516   0x08000516   0x00000002   Code   RO          368    i.BusFault_Handler  stm32h7xx_it.o
    0x08000518   0x08000518   0x00000004   Code   RO         5629    i.CDC_Control_HS    usbd_cdc_if.o
    0x0800051c   0x0800051c   0x00000004   Code   RO         5630    i.CDC_DeInit_HS     usbd_cdc_if.o
    0x08000520   0x08000520   0x00000024   Code   RO         5631    i.CDC_Init_HS       usbd_cdc_if.o
    0x08000544   0x08000544   0x0000009c   Code   RO         5632    i.CDC_Receive_HS    usbd_cdc_if.o
    0x080005e0   0x080005e0   0x00000004   Code   RO         5633    i.CDC_TransmitCplt_HS  usbd_cdc_if.o
    0x080005e4   0x080005e4   0x0000002c   Code   RO         5634    i.CDC_Transmit_HS   usbd_cdc_if.o
    0x08000610   0x08000610   0x00000002   Code   RO          369    i.DebugMon_Handler  stm32h7xx_it.o
    0x08000612   0x08000612   0x00000004   Code   RO           13    i.Error_Handler     main.o
    0x08000616   0x08000616   0x00000002   PAD
    0x08000618   0x08000618   0x0000000c   Code   RO          370    i.FDCAN1_IT0_IRQHandler  stm32h7xx_it.o
    0x08000624   0x08000624   0x0000000c   Code   RO          371    i.FDCAN2_IT0_IRQHandler  stm32h7xx_it.o
    0x08000630   0x08000630   0x000001c8   Code   RO         3503    i.FDCAN_CalcultateRamBlockAddresses  stm32h7xx_hal_fdcan.o
    0x080007f8   0x080007f8   0x00000070   Code   RO         3504    i.FDCAN_CopyMessageToRAM  stm32h7xx_hal_fdcan.o
    0x08000868   0x08000868   0x00000024   Code   RO         2564    i.HAL_Delay         stm32h7xx_hal.o
    0x0800088c   0x0800088c   0x00000088   Code   RO         3506    i.HAL_FDCAN_ActivateNotification  stm32h7xx_hal_fdcan.o
    0x08000914   0x08000914   0x00000066   Code   RO         3508    i.HAL_FDCAN_AddMessageToTxFifoQ  stm32h7xx_hal_fdcan.o
    0x0800097a   0x0800097a   0x00000002   Code   RO         3509    i.HAL_FDCAN_ClockCalibrationCallback  stm32h7xx_hal_fdcan.o
    0x0800097c   0x0800097c   0x0000005a   Code   RO         3512    i.HAL_FDCAN_ConfigFifoWatermark  stm32h7xx_hal_fdcan.o
    0x080009d6   0x080009d6   0x0000007e   Code   RO         3513    i.HAL_FDCAN_ConfigFilter  stm32h7xx_hal_fdcan.o
    0x08000a54   0x08000a54   0x00000032   Code   RO         3514    i.HAL_FDCAN_ConfigGlobalFilter  stm32h7xx_hal_fdcan.o
    0x08000a86   0x08000a86   0x00000002   Code   RO         3535    i.HAL_FDCAN_ErrorCallback  stm32h7xx_hal_fdcan.o
    0x08000a88   0x08000a88   0x00000002   Code   RO         3536    i.HAL_FDCAN_ErrorStatusCallback  stm32h7xx_hal_fdcan.o
    0x08000a8a   0x08000a8a   0x00000002   PAD
    0x08000a8c   0x08000a8c   0x00000194   Code   RO         3547    i.HAL_FDCAN_GetRxMessage  stm32h7xx_hal_fdcan.o
    0x08000c20   0x08000c20   0x00000002   Code   RO         3553    i.HAL_FDCAN_HighPriorityMessageCallback  stm32h7xx_hal_fdcan.o
    0x08000c22   0x08000c22   0x00000002   PAD
    0x08000c24   0x08000c24   0x00000320   Code   RO         3554    i.HAL_FDCAN_IRQHandler  stm32h7xx_hal_fdcan.o
    0x08000f44   0x08000f44   0x00000244   Code   RO         3555    i.HAL_FDCAN_Init    stm32h7xx_hal_fdcan.o
    0x08001188   0x08001188   0x000000e4   Code   RO          278    i.HAL_FDCAN_MspInit  fdcan.o
    0x0800126c   0x0800126c   0x00000002   Code   RO         3564    i.HAL_FDCAN_RxBufferNewMessageCallback  stm32h7xx_hal_fdcan.o
    0x0800126e   0x0800126e   0x00000002   PAD
    0x08001270   0x08001270   0x0000002c   Code   RO         5177    i.HAL_FDCAN_RxFifo0Callback  can_bsp.o
    0x0800129c   0x0800129c   0x00000002   Code   RO         3566    i.HAL_FDCAN_RxFifo1Callback  stm32h7xx_hal_fdcan.o
    0x0800129e   0x0800129e   0x00000032   Code   RO         3567    i.HAL_FDCAN_Start   stm32h7xx_hal_fdcan.o
    0x080012d0   0x080012d0   0x00000002   Code   RO         3589    i.HAL_FDCAN_TT_GlobalTimeCallback  stm32h7xx_hal_fdcan.o
    0x080012d2   0x080012d2   0x00000002   Code   RO         3590    i.HAL_FDCAN_TT_ScheduleSyncCallback  stm32h7xx_hal_fdcan.o
    0x080012d4   0x080012d4   0x00000002   Code   RO         3595    i.HAL_FDCAN_TT_StopWatchCallback  stm32h7xx_hal_fdcan.o
    0x080012d6   0x080012d6   0x00000002   Code   RO         3596    i.HAL_FDCAN_TT_TimeMarkCallback  stm32h7xx_hal_fdcan.o
    0x080012d8   0x080012d8   0x00000002   Code   RO         3597    i.HAL_FDCAN_TimeoutOccurredCallback  stm32h7xx_hal_fdcan.o
    0x080012da   0x080012da   0x00000002   Code   RO         3598    i.HAL_FDCAN_TimestampWraparoundCallback  stm32h7xx_hal_fdcan.o
    0x080012dc   0x080012dc   0x00000002   Code   RO         3599    i.HAL_FDCAN_TxBufferAbortCallback  stm32h7xx_hal_fdcan.o
    0x080012de   0x080012de   0x00000002   Code   RO         3600    i.HAL_FDCAN_TxBufferCompleteCallback  stm32h7xx_hal_fdcan.o
    0x080012e0   0x080012e0   0x00000002   Code   RO         3601    i.HAL_FDCAN_TxEventFifoCallback  stm32h7xx_hal_fdcan.o
    0x080012e2   0x080012e2   0x00000002   Code   RO         3602    i.HAL_FDCAN_TxFifoEmptyCallback  stm32h7xx_hal_fdcan.o
    0x080012e4   0x080012e4   0x0000021c   Code   RO         1574    i.HAL_GPIO_Init     stm32h7xx_hal_gpio.o
    0x08001500   0x08001500   0x0000000a   Code   RO         1578    i.HAL_GPIO_WritePin  stm32h7xx_hal_gpio.o
    0x0800150a   0x0800150a   0x00000002   PAD
    0x0800150c   0x0800150c   0x0000000c   Code   RO         2580    i.HAL_GetTick       stm32h7xx_hal.o
    0x08001518   0x08001518   0x00000010   Code   RO         2586    i.HAL_IncTick       stm32h7xx_hal.o
    0x08001528   0x08001528   0x0000005c   Code   RO         2587    i.HAL_Init          stm32h7xx_hal.o
    0x08001584   0x08001584   0x00000040   Code   RO         2588    i.HAL_InitTick      stm32h7xx_hal.o
    0x080015c4   0x080015c4   0x0000001c   Code   RO          468    i.HAL_MspInit       stm32h7xx_hal_msp.o
    0x080015e0   0x080015e0   0x0000001a   Code   RO         2422    i.HAL_NVIC_EnableIRQ  stm32h7xx_hal_cortex.o
    0x080015fa   0x080015fa   0x00000002   PAD
    0x080015fc   0x080015fc   0x00000040   Code   RO         2428    i.HAL_NVIC_SetPriority  stm32h7xx_hal_cortex.o
    0x0800163c   0x0800163c   0x00000024   Code   RO         2429    i.HAL_NVIC_SetPriorityGrouping  stm32h7xx_hal_cortex.o
    0x08001660   0x08001660   0x00000028   Code   RO          725    i.HAL_PCDEx_ActivateLPM  stm32h7xx_hal_pcd_ex.o
    0x08001688   0x08001688   0x00000002   Code   RO          730    i.HAL_PCDEx_LPM_Callback  stm32h7xx_hal_pcd_ex.o
    0x0800168a   0x0800168a   0x00000008   Code   RO          731    i.HAL_PCDEx_SetRxFiFo  stm32h7xx_hal_pcd_ex.o
    0x08001692   0x08001692   0x00000046   Code   RO          732    i.HAL_PCDEx_SetTxFiFo  stm32h7xx_hal_pcd_ex.o
    0x080016d8   0x080016d8   0x00000008   Code   RO         5691    i.HAL_PCD_ConnectCallback  usbd_conf.o
    0x080016e0   0x080016e0   0x00000012   Code   RO         5692    i.HAL_PCD_DataInStageCallback  usbd_conf.o
    0x080016f2   0x080016f2   0x00000014   Code   RO         5693    i.HAL_PCD_DataOutStageCallback  usbd_conf.o
    0x08001706   0x08001706   0x00000008   Code   RO         5694    i.HAL_PCD_DisconnectCallback  usbd_conf.o
    0x0800170e   0x0800170e   0x0000001e   Code   RO          501    i.HAL_PCD_EP_Abort  stm32h7xx_hal_pcd.o
    0x0800172c   0x0800172c   0x0000004c   Code   RO          502    i.HAL_PCD_EP_Close  stm32h7xx_hal_pcd.o
    0x08001778   0x08001778   0x0000005c   Code   RO          503    i.HAL_PCD_EP_ClrStall  stm32h7xx_hal_pcd.o
    0x080017d4   0x080017d4   0x00000012   Code   RO          505    i.HAL_PCD_EP_GetRxCount  stm32h7xx_hal_pcd.o
    0x080017e6   0x080017e6   0x00000060   Code   RO          506    i.HAL_PCD_EP_Open   stm32h7xx_hal_pcd.o
    0x08001846   0x08001846   0x00000034   Code   RO          507    i.HAL_PCD_EP_Receive  stm32h7xx_hal_pcd.o
    0x0800187a   0x0800187a   0x00000074   Code   RO          508    i.HAL_PCD_EP_SetStall  stm32h7xx_hal_pcd.o
    0x080018ee   0x080018ee   0x00000034   Code   RO          509    i.HAL_PCD_EP_Transmit  stm32h7xx_hal_pcd.o
    0x08001922   0x08001922   0x00000002   PAD
    0x08001924   0x08001924   0x0000059c   Code   RO          511    i.HAL_PCD_IRQHandler  stm32h7xx_hal_pcd.o
    0x08001ec0   0x08001ec0   0x00000008   Code   RO         5695    i.HAL_PCD_ISOINIncompleteCallback  usbd_conf.o
    0x08001ec8   0x08001ec8   0x00000008   Code   RO         5696    i.HAL_PCD_ISOOUTIncompleteCallback  usbd_conf.o
    0x08001ed0   0x08001ed0   0x000000f2   Code   RO          514    i.HAL_PCD_Init      stm32h7xx_hal_pcd.o
    0x08001fc2   0x08001fc2   0x00000002   PAD
    0x08001fc4   0x08001fc4   0x00000064   Code   RO         5698    i.HAL_PCD_MspInit   usbd_conf.o
    0x08002028   0x08002028   0x0000002c   Code   RO         5699    i.HAL_PCD_ResetCallback  usbd_conf.o
    0x08002054   0x08002054   0x00000008   Code   RO         5700    i.HAL_PCD_ResumeCallback  usbd_conf.o
    0x0800205c   0x0800205c   0x00000008   Code   RO         5701    i.HAL_PCD_SOFCallback  usbd_conf.o
    0x08002064   0x08002064   0x00000028   Code   RO          520    i.HAL_PCD_SetAddress  stm32h7xx_hal_pcd.o
    0x0800208c   0x0800208c   0x0000000e   Code   RO         5702    i.HAL_PCD_SetupStageCallback  usbd_conf.o
    0x0800209a   0x0800209a   0x00000042   Code   RO          523    i.HAL_PCD_Start     stm32h7xx_hal_pcd.o
    0x080020dc   0x080020dc   0x00000030   Code   RO         5703    i.HAL_PCD_SuspendCallback  usbd_conf.o
    0x0800210c   0x0800210c   0x00000054   Code   RO         2175    i.HAL_PWREx_ConfigSupply  stm32h7xx_hal_pwr_ex.o
    0x08002160   0x08002160   0x00000010   Code   RO         2192    i.HAL_PWREx_EnableUSBVoltageDetector  stm32h7xx_hal_pwr_ex.o
    0x08002170   0x08002170   0x0000093a   Code   RO         1226    i.HAL_RCCEx_PeriphCLKConfig  stm32h7xx_hal_rcc_ex.o
    0x08002aaa   0x08002aaa   0x00000002   PAD
    0x08002aac   0x08002aac   0x0000025c   Code   RO         1102    i.HAL_RCC_ClockConfig  stm32h7xx_hal_rcc.o
    0x08002d08   0x08002d08   0x00000044   Code   RO         1107    i.HAL_RCC_GetHCLKFreq  stm32h7xx_hal_rcc.o
    0x08002d4c   0x08002d4c   0x00000138   Code   RO         1111    i.HAL_RCC_GetSysClockFreq  stm32h7xx_hal_rcc.o
    0x08002e84   0x08002e84   0x00000526   Code   RO         1114    i.HAL_RCC_OscConfig  stm32h7xx_hal_rcc.o
    0x080033aa   0x080033aa   0x00000018   Code   RO         2431    i.HAL_SYSTICK_CLKSourceConfig  stm32h7xx_hal_cortex.o
    0x080033c2   0x080033c2   0x00000026   Code   RO         2433    i.HAL_SYSTICK_Config  stm32h7xx_hal_cortex.o
    0x080033e8   0x080033e8   0x00000002   Code   RO         4837    i.HAL_TIMEx_Break2Callback  stm32h7xx_hal_tim_ex.o
    0x080033ea   0x080033ea   0x00000002   Code   RO         4838    i.HAL_TIMEx_BreakCallback  stm32h7xx_hal_tim_ex.o
    0x080033ec   0x080033ec   0x00000002   Code   RO         4839    i.HAL_TIMEx_CommutCallback  stm32h7xx_hal_tim_ex.o
    0x080033ee   0x080033ee   0x00000002   PAD
    0x080033f0   0x080033f0   0x000000b8   Code   RO         4860    i.HAL_TIMEx_MasterConfigSynchronization  stm32h7xx_hal_tim_ex.o
    0x080034a8   0x080034a8   0x00000062   Code   RO         4123    i.HAL_TIM_Base_Init  stm32h7xx_hal_tim.o
    0x0800350a   0x0800350a   0x00000002   PAD
    0x0800350c   0x0800350c   0x0000003c   Code   RO          327    i.HAL_TIM_Base_MspInit  tim.o
    0x08003548   0x08003548   0x000000a0   Code   RO         4128    i.HAL_TIM_Base_Start_IT  stm32h7xx_hal_tim.o
    0x080035e8   0x080035e8   0x000000fc   Code   RO         4132    i.HAL_TIM_ConfigClockSource  stm32h7xx_hal_tim.o
    0x080036e4   0x080036e4   0x00000002   Code   RO         4157    i.HAL_TIM_IC_CaptureCallback  stm32h7xx_hal_tim.o
    0x080036e6   0x080036e6   0x00000182   Code   RO         4171    i.HAL_TIM_IRQHandler  stm32h7xx_hal_tim.o
    0x08003868   0x08003868   0x00000002   Code   RO         4174    i.HAL_TIM_OC_DelayElapsedCallback  stm32h7xx_hal_tim.o
    0x0800386a   0x0800386a   0x00000002   Code   RO         4201    i.HAL_TIM_PWM_PulseFinishedCallback  stm32h7xx_hal_tim.o
    0x0800386c   0x0800386c   0x0000009c   Code   RO           14    i.HAL_TIM_PeriodElapsedCallback  main.o
    0x08003908   0x08003908   0x00000002   Code   RO         4214    i.HAL_TIM_TriggerCallback  stm32h7xx_hal_tim.o
    0x0800390a   0x0800390a   0x00000002   Code   RO          372    i.HardFault_Handler  stm32h7xx_it.o
    0x0800390c   0x0800390c   0x00000038   Code   RO         5537    i.IntToUnicode      usbd_desc.o
    0x08003944   0x08003944   0x00000068   Code   RO          279    i.MX_FDCAN1_Init    fdcan.o
    0x080039ac   0x080039ac   0x0000006c   Code   RO          280    i.MX_FDCAN2_Init    fdcan.o
    0x08003a18   0x08003a18   0x00000080   Code   RO          253    i.MX_GPIO_Init      gpio.o
    0x08003a98   0x08003a98   0x00000068   Code   RO          328    i.MX_TIM3_Init      tim.o
    0x08003b00   0x08003b00   0x00000054   Code   RO         5506    i.MX_USB_DEVICE_Init  usb_device.o
    0x08003b54   0x08003b54   0x00000002   Code   RO          373    i.MemManage_Handler  stm32h7xx_it.o
    0x08003b56   0x08003b56   0x00000002   Code   RO          374    i.NMI_Handler       stm32h7xx_it.o
    0x08003b58   0x08003b58   0x0000000c   Code   RO          375    i.OTG_HS_IRQHandler  stm32h7xx_it.o
    0x08003b64   0x08003b64   0x000000cc   Code   RO          526    i.PCD_EP_OutXfrComplete_int  stm32h7xx_hal_pcd.o
    0x08003c30   0x08003c30   0x000000a2   Code   RO          527    i.PCD_WriteEmptyTxFifo  stm32h7xx_hal_pcd.o
    0x08003cd2   0x08003cd2   0x00000002   Code   RO          376    i.PendSV_Handler    stm32h7xx_it.o
    0x08003cd4   0x08003cd4   0x00000044   Code   RO           15    i.PeriphCommonClock_Config  main.o
    0x08003d18   0x08003d18   0x00000120   Code   RO         1229    i.RCCEx_PLL2_Config  stm32h7xx_hal_rcc_ex.o
    0x08003e38   0x08003e38   0x00000120   Code   RO         1230    i.RCCEx_PLL3_Config  stm32h7xx_hal_rcc_ex.o
    0x08003f58   0x08003f58   0x00000002   Code   RO          377    i.SVC_Handler       stm32h7xx_it.o
    0x08003f5a   0x08003f5a   0x0000000a   Code   RO         6057    i.SWAPBYTE          usbd_ctlreq.o
    0x08003f64   0x08003f64   0x00000004   Code   RO          378    i.SysTick_Handler   stm32h7xx_it.o
    0x08003f68   0x08003f68   0x00000098   Code   RO           16    i.SystemClock_Config  main.o
    0x08004000   0x08004000   0x000000c0   Code   RO         5141    i.SystemInit        system_stm32h7xx.o
    0x080040c0   0x080040c0   0x0000000c   Code   RO          379    i.TIM3_IRQHandler   stm32h7xx_it.o
    0x080040cc   0x080040cc   0x000000d8   Code   RO         4216    i.TIM_Base_SetConfig  stm32h7xx_hal_tim.o
    0x080041a4   0x080041a4   0x00000012   Code   RO         4227    i.TIM_ETR_SetConfig  stm32h7xx_hal_tim.o
    0x080041b6   0x080041b6   0x00000002   PAD
    0x080041b8   0x080041b8   0x00000014   Code   RO         4228    i.TIM_ITRx_SetConfig  stm32h7xx_hal_tim.o
    0x080041cc   0x080041cc   0x00000022   Code   RO         4236    i.TIM_TI1_ConfigInputStage  stm32h7xx_hal_tim.o
    0x080041ee   0x080041ee   0x00000024   Code   RO         4238    i.TIM_TI2_ConfigInputStage  stm32h7xx_hal_tim.o
    0x08004212   0x08004212   0x00000076   Code   RO         6190    i.USBD_CDC_DataIn   usbd_cdc.o
    0x08004288   0x08004288   0x0000003c   Code   RO         6191    i.USBD_CDC_DataOut  usbd_cdc.o
    0x080042c4   0x080042c4   0x00000090   Code   RO         6192    i.USBD_CDC_DeInit   usbd_cdc.o
    0x08004354   0x08004354   0x00000036   Code   RO         6193    i.USBD_CDC_EP0_RxReady  usbd_cdc.o
    0x0800438a   0x0800438a   0x00000002   PAD
    0x0800438c   0x0800438c   0x0000000c   Code   RO         6194    i.USBD_CDC_GetDeviceQualifierDescriptor  usbd_cdc.o
    0x08004398   0x08004398   0x00000040   Code   RO         6195    i.USBD_CDC_GetFSCfgDesc  usbd_cdc.o
    0x080043d8   0x080043d8   0x00000040   Code   RO         6196    i.USBD_CDC_GetHSCfgDesc  usbd_cdc.o
    0x08004418   0x08004418   0x00000040   Code   RO         6197    i.USBD_CDC_GetOtherSpeedCfgDesc  usbd_cdc.o
    0x08004458   0x08004458   0x0000011c   Code   RO         6198    i.USBD_CDC_Init     usbd_cdc.o
    0x08004574   0x08004574   0x00000038   Code   RO         6199    i.USBD_CDC_ReceivePacket  usbd_cdc.o
    0x080045ac   0x080045ac   0x00000016   Code   RO         6200    i.USBD_CDC_RegisterInterface  usbd_cdc.o
    0x080045c2   0x080045c2   0x0000001a   Code   RO         6201    i.USBD_CDC_SetRxBuffer  usbd_cdc.o
    0x080045dc   0x080045dc   0x0000001e   Code   RO         6202    i.USBD_CDC_SetTxBuffer  usbd_cdc.o
    0x080045fa   0x080045fa   0x000000ce   Code   RO         6203    i.USBD_CDC_Setup    usbd_cdc.o
    0x080046c8   0x080046c8   0x00000050   Code   RO         6204    i.USBD_CDC_TransmitPacket  usbd_cdc.o
    0x08004718   0x08004718   0x00000014   Code   RO         5898    i.USBD_ClrClassConfig  usbd_core.o
    0x0800472c   0x0800472c   0x00000004   Code   RO         5899    i.USBD_CoreFindEP   usbd_core.o
    0x08004730   0x08004730   0x00000004   Code   RO         5900    i.USBD_CoreFindIF   usbd_core.o
    0x08004734   0x08004734   0x00000010   Code   RO         6130    i.USBD_CtlContinueRx  usbd_ioreq.o
    0x08004744   0x08004744   0x00000010   Code   RO         6131    i.USBD_CtlContinueSendData  usbd_ioreq.o
    0x08004754   0x08004754   0x00000016   Code   RO         6058    i.USBD_CtlError     usbd_ctlreq.o
    0x0800476a   0x0800476a   0x0000001e   Code   RO         6132    i.USBD_CtlPrepareRx  usbd_ioreq.o
    0x08004788   0x08004788   0x00000016   Code   RO         6133    i.USBD_CtlReceiveStatus  usbd_ioreq.o
    0x0800479e   0x0800479e   0x0000001a   Code   RO         6134    i.USBD_CtlSendData  usbd_ioreq.o
    0x080047b8   0x080047b8   0x00000016   Code   RO         6135    i.USBD_CtlSendStatus  usbd_ioreq.o
    0x080047ce   0x080047ce   0x000000fa   Code   RO         6059    i.USBD_GetDescriptor  usbd_ctlreq.o
    0x080048c8   0x080048c8   0x0000003a   Code   RO         5902    i.USBD_GetEpDesc    usbd_core.o
    0x08004902   0x08004902   0x0000000e   Code   RO         5903    i.USBD_GetNextDesc  usbd_core.o
    0x08004910   0x08004910   0x0000004a   Code   RO         6060    i.USBD_GetString    usbd_ctlreq.o
    0x0800495a   0x0800495a   0x00000018   Code   RO         5704    i.USBD_Get_USB_Status  usbd_conf.o
    0x08004972   0x08004972   0x00000002   PAD
    0x08004974   0x08004974   0x00000020   Code   RO         5538    i.USBD_HS_ConfigStrDescriptor  usbd_desc.o
    0x08004994   0x08004994   0x0000000c   Code   RO         5539    i.USBD_HS_DeviceDescriptor  usbd_desc.o
    0x080049a0   0x080049a0   0x00000024   Code   RO         5540    i.USBD_HS_InterfaceStrDescriptor  usbd_desc.o
    0x080049c4   0x080049c4   0x0000000c   Code   RO         5541    i.USBD_HS_LangIDStrDescriptor  usbd_desc.o
    0x080049d0   0x080049d0   0x00000028   Code   RO         5542    i.USBD_HS_ManufacturerStrDescriptor  usbd_desc.o
    0x080049f8   0x080049f8   0x0000002c   Code   RO         5543    i.USBD_HS_ProductStrDescriptor  usbd_desc.o
    0x08004a24   0x08004a24   0x0000003c   Code   RO         5544    i.USBD_HS_SerialStrDescriptor  usbd_desc.o
    0x08004a60   0x08004a60   0x00000026   Code   RO         5904    i.USBD_Init         usbd_core.o
    0x08004a86   0x08004a86   0x00000012   Code   RO         5705    i.USBD_LL_ClearStallEP  usbd_conf.o
    0x08004a98   0x08004a98   0x00000012   Code   RO         5706    i.USBD_LL_CloseEP   usbd_conf.o
    0x08004aaa   0x08004aaa   0x000000b8   Code   RO         5905    i.USBD_LL_DataInStage  usbd_core.o
    0x08004b62   0x08004b62   0x00000090   Code   RO         5906    i.USBD_LL_DataOutStage  usbd_core.o
    0x08004bf2   0x08004bf2   0x00000004   Code   RO         5907    i.USBD_LL_DevConnected  usbd_core.o
    0x08004bf6   0x08004bf6   0x00000020   Code   RO         5908    i.USBD_LL_DevDisconnected  usbd_core.o
    0x08004c16   0x08004c16   0x00000008   Code   RO         5710    i.USBD_LL_GetRxDataSize  usbd_conf.o
    0x08004c1e   0x08004c1e   0x00000002   PAD
    0x08004c20   0x08004c20   0x00000068   Code   RO         5711    i.USBD_LL_Init      usbd_conf.o
    0x08004c88   0x08004c88   0x00000020   Code   RO         5712    i.USBD_LL_IsStallEP  usbd_conf.o
    0x08004ca8   0x08004ca8   0x00000028   Code   RO         5909    i.USBD_LL_IsoINIncomplete  usbd_core.o
    0x08004cd0   0x08004cd0   0x00000028   Code   RO         5910    i.USBD_LL_IsoOUTIncomplete  usbd_core.o
    0x08004cf8   0x08004cf8   0x00000018   Code   RO         5713    i.USBD_LL_OpenEP    usbd_conf.o
    0x08004d10   0x08004d10   0x00000012   Code   RO         5714    i.USBD_LL_PrepareReceive  usbd_conf.o
    0x08004d22   0x08004d22   0x0000005e   Code   RO         5911    i.USBD_LL_Reset     usbd_core.o
    0x08004d80   0x08004d80   0x00000014   Code   RO         5912    i.USBD_LL_Resume    usbd_core.o
    0x08004d94   0x08004d94   0x0000001a   Code   RO         5913    i.USBD_LL_SOF       usbd_core.o
    0x08004dae   0x08004dae   0x00000006   Code   RO         5914    i.USBD_LL_SetSpeed  usbd_core.o
    0x08004db4   0x08004db4   0x00000012   Code   RO         5715    i.USBD_LL_SetUSBAddress  usbd_conf.o
    0x08004dc6   0x08004dc6   0x00000060   Code   RO         5915    i.USBD_LL_SetupStage  usbd_core.o
    0x08004e26   0x08004e26   0x00000012   Code   RO         5716    i.USBD_LL_StallEP   usbd_conf.o
    0x08004e38   0x08004e38   0x00000012   Code   RO         5717    i.USBD_LL_Start     usbd_conf.o
    0x08004e4a   0x08004e4a   0x0000001a   Code   RO         5916    i.USBD_LL_Suspend   usbd_core.o
    0x08004e64   0x08004e64   0x00000012   Code   RO         5719    i.USBD_LL_Transmit  usbd_conf.o
    0x08004e76   0x08004e76   0x0000002a   Code   RO         6061    i.USBD_ParseSetupRequest  usbd_ctlreq.o
    0x08004ea0   0x08004ea0   0x0000003a   Code   RO         5917    i.USBD_RegisterClass  usbd_core.o
    0x08004eda   0x08004eda   0x00000014   Code   RO         5919    i.USBD_SetClassConfig  usbd_core.o
    0x08004eee   0x08004eee   0x00000002   PAD
    0x08004ef0   0x08004ef0   0x000000bc   Code   RO         6062    i.USBD_SetConfig    usbd_ctlreq.o
    0x08004fac   0x08004fac   0x00000004   Code   RO         5920    i.USBD_Start        usbd_core.o
    0x08004fb0   0x08004fb0   0x0000012e   Code   RO         6063    i.USBD_StdDevReq    usbd_ctlreq.o
    0x080050de   0x080050de   0x00000164   Code   RO         6064    i.USBD_StdEPReq     usbd_ctlreq.o
    0x08005242   0x08005242   0x00000074   Code   RO         6065    i.USBD_StdItfReq    usbd_ctlreq.o
    0x080052b6   0x080052b6   0x00000002   Code   RO         5720    i.USBD_static_free  usbd_conf.o
    0x080052b8   0x080052b8   0x00000008   Code   RO         5721    i.USBD_static_malloc  usbd_conf.o
    0x080052c0   0x080052c0   0x00000080   Code   RO          797    i.USB_ActivateEndpoint  stm32h7xx_ll_usb.o
    0x08005340   0x08005340   0x0000001c   Code   RO          799    i.USB_ActivateSetup  stm32h7xx_ll_usb.o
    0x0800535c   0x0800535c   0x00000088   Code   RO          801    i.USB_CoreInit      stm32h7xx_ll_usb.o
    0x080053e4   0x080053e4   0x00000040   Code   RO          802    i.USB_CoreReset     stm32h7xx_ll_usb.o
    0x08005424   0x08005424   0x000000cc   Code   RO          805    i.USB_DeactivateEndpoint  stm32h7xx_ll_usb.o
    0x080054f0   0x080054f0   0x0000001c   Code   RO          806    i.USB_DevConnect    stm32h7xx_ll_usb.o
    0x0800550c   0x0800550c   0x0000001c   Code   RO          807    i.USB_DevDisconnect  stm32h7xx_ll_usb.o
    0x08005528   0x08005528   0x00000178   Code   RO          808    i.USB_DevInit       stm32h7xx_ll_usb.o
    0x080056a0   0x080056a0   0x0000000c   Code   RO          809    i.USB_DisableGlobalInt  stm32h7xx_ll_usb.o
    0x080056ac   0x080056ac   0x00000058   Code   RO          812    i.USB_EP0_OutStart  stm32h7xx_ll_usb.o
    0x08005704   0x08005704   0x00000058   Code   RO          813    i.USB_EPClearStall  stm32h7xx_ll_usb.o
    0x0800575c   0x0800575c   0x00000058   Code   RO          814    i.USB_EPSetStall    stm32h7xx_ll_usb.o
    0x080057b4   0x080057b4   0x00000238   Code   RO          815    i.USB_EPStartXfer   stm32h7xx_ll_usb.o
    0x080059ec   0x080059ec   0x0000009e   Code   RO          816    i.USB_EPStopXfer    stm32h7xx_ll_usb.o
    0x08005a8a   0x08005a8a   0x0000000c   Code   RO          817    i.USB_EnableGlobalInt  stm32h7xx_ll_usb.o
    0x08005a96   0x08005a96   0x00000002   PAD
    0x08005a98   0x08005a98   0x0000003c   Code   RO          818    i.USB_FlushRxFifo   stm32h7xx_ll_usb.o
    0x08005ad4   0x08005ad4   0x00000040   Code   RO          819    i.USB_FlushTxFifo   stm32h7xx_ll_usb.o
    0x08005b14   0x08005b14   0x0000001a   Code   RO          821    i.USB_GetDevSpeed   stm32h7xx_ll_usb.o
    0x08005b2e   0x08005b2e   0x00000008   Code   RO          823    i.USB_GetMode       stm32h7xx_ll_usb.o
    0x08005b36   0x08005b36   0x0000000e   Code   RO          831    i.USB_ReadDevAllInEpInterrupt  stm32h7xx_ll_usb.o
    0x08005b44   0x08005b44   0x0000000e   Code   RO          832    i.USB_ReadDevAllOutEpInterrupt  stm32h7xx_ll_usb.o
    0x08005b52   0x08005b52   0x00000024   Code   RO          833    i.USB_ReadDevInEPInterrupt  stm32h7xx_ll_usb.o
    0x08005b76   0x08005b76   0x00000010   Code   RO          834    i.USB_ReadDevOutEPInterrupt  stm32h7xx_ll_usb.o
    0x08005b86   0x08005b86   0x00000008   Code   RO          835    i.USB_ReadInterrupts  stm32h7xx_ll_usb.o
    0x08005b8e   0x08005b8e   0x00000040   Code   RO          836    i.USB_ReadPacket    stm32h7xx_ll_usb.o
    0x08005bce   0x08005bce   0x0000005e   Code   RO          838    i.USB_SetCurrentMode  stm32h7xx_ll_usb.o
    0x08005c2c   0x08005c2c   0x00000022   Code   RO          839    i.USB_SetDevAddress  stm32h7xx_ll_usb.o
    0x08005c4e   0x08005c4e   0x00000002   PAD
    0x08005c50   0x08005c50   0x000000e8   Code   RO          841    i.USB_SetTurnaroundTime  stm32h7xx_ll_usb.o
    0x08005d38   0x08005d38   0x00000028   Code   RO          844    i.USB_WritePacket   stm32h7xx_ll_usb.o
    0x08005d60   0x08005d60   0x00000002   Code   RO          380    i.UsageFault_Handler  stm32h7xx_it.o
    0x08005d62   0x08005d62   0x00000022   Code   RO         2435    i.__NVIC_SetPriority  stm32h7xx_hal_cortex.o
    0x08005d84   0x08005d84   0x00000034   Code   RO         5178    i.can_bsp_init      can_bsp.o
    0x08005db8   0x08005db8   0x00000040   Code   RO         5179    i.can_filter_init   can_bsp.o
    0x08005df8   0x08005df8   0x00000014   Code   RO         5394    i.delay_init        delay.o
    0x08005e0c   0x08005e0c   0x00000018   Code   RO         5395    i.delay_ms          delay.o
    0x08005e24   0x08005e24   0x00000034   Code   RO         5396    i.delay_us          delay.o
    0x08005e58   0x08005e58   0x0000006c   Code   RO         5278    i.dm4310_ctrl_send  dm4310_drv.o
    0x08005ec4   0x08005ec4   0x00000034   Code   RO         5280    i.dm4310_enable     dm4310_drv.o
    0x08005ef8   0x08005ef8   0x0000008e   Code   RO         5281    i.dm4310_fbdata     dm4310_drv.o
    0x08005f86   0x08005f86   0x00000002   PAD
    0x08005f88   0x08005f88   0x00000178   Code   RO         5228    i.dm4310_motor_init  dm4310_ctrl.o
    0x08006100   0x08006100   0x00000034   Code   RO         5283    i.enable_motor_mode  dm4310_drv.o
    0x08006134   0x08006134   0x00000064   Code   RO         5229    i.fdcan1_rx_callback  dm4310_ctrl.o
    0x08006198   0x08006198   0x00000064   Code   RO         5230    i.fdcan2_rx_callback  dm4310_ctrl.o
    0x080061fc   0x080061fc   0x00000024   Code   RO         5180    i.fdcanx_receive    can_bsp.o
    0x08006220   0x08006220   0x0000002a   Code   RO         5181    i.fdcanx_send_data  can_bsp.o
    0x0800624a   0x0800624a   0x00000028   Code   RO         5284    i.float_to_uint     dm4310_drv.o
    0x08006272   0x08006272   0x00000002   PAD
    0x08006274   0x08006274   0x000002e4   Code   RO           17    i.main              main.o
    0x08006558   0x08006558   0x000000c4   Code   RO         5285    i.mit_ctrl          dm4310_drv.o
    0x0800661c   0x0800661c   0x00000046   Code   RO         5286    i.pos_force_ctrl    dm4310_drv.o
    0x08006662   0x08006662   0x0000004c   Code   RO         5287    i.pos_speed_ctrl    dm4310_drv.o
    0x080066ae   0x080066ae   0x00000002   PAD
    0x080066b0   0x080066b0   0x00000074   Code   RO         5478    i.receive_data_control  usbreceive.o
    0x08006724   0x08006724   0x0000012c   Code   RO         5435    i.send_data         usbsent.o
    0x08006850   0x08006850   0x0000002c   Code   RO         5289    i.speed_ctrl        dm4310_drv.o
    0x0800687c   0x0800687c   0x00000028   Code   RO         5290    i.uint_to_float     dm4310_drv.o
    0x080068a4   0x080068a4   0x0000000a   Code   RO         6388    x$fpl$fpinit        fz_wv.l(fpinit.o)
    0x080068ae   0x080068ae   0x00000002   PAD
    0x080068b0   0x080068b0   0x0000005c   Data   RO         3603    .constdata          stm32h7xx_hal_fdcan.o
    0x0800690c   0x0800690c   0x00000010   Data   RO         5142    .constdata          system_stm32h7xx.o
    0x0800691c   0x0800691c   0x00000020   Data   RO         6456    Region$$Table       anon$$obj.o


    Execution Region RW_IRAM1 (Exec base: 0x20000000, Load base: 0x0800693c, Size: 0x00000000, Max: 0x00020000, ABSOLUTE)

    **** No section assigned to this execution region ****


    Execution Region RW_IRAM2 (Exec base: 0x24000000, Load base: 0x0800693c, Size: 0x00002b40, Max: 0x00050000, ABSOLUTE, COMPRESSED[0x00000100])

    Exec Addr    Load Addr    Size         Type   Attr      Idx    E Section Name        Object

    0x24000000   COMPRESSED   0x00000004   Data   RW           20    .data               main.o
    0x24000004   COMPRESSED   0x00000004   Data   RW          282    .data               fdcan.o
    0x24000008   COMPRESSED   0x0000000c   Data   RW         2611    .data               stm32h7xx_hal.o
    0x24000014   COMPRESSED   0x00000008   Data   RW         5143    .data               system_stm32h7xx.o
    0x2400001c   COMPRESSED   0x00000004   Data   RW         5397    .data               delay.o
    0x24000020   COMPRESSED   0x00000060   Data   RW         5480    .data               usbreceive.o
    0x24000080   COMPRESSED   0x00000020   Data   RW         5547    .data               usbd_desc.o
    0x240000a0   COMPRESSED   0x0000003e   Data   RW         5548    .data               usbd_desc.o
    0x240000de   COMPRESSED   0x00000002   Data   RW         5636    .data               usbd_cdc_if.o
    0x240000e0   COMPRESSED   0x00000014   Data   RW         5637    .data               usbd_cdc_if.o
    0x240000f4   COMPRESSED   0x00000001   Data   RW         6066    .data               usbd_ctlreq.o
    0x240000f5   COMPRESSED   0x00000003   PAD
    0x240000f8   COMPRESSED   0x00000053   Data   RW         6205    .data               usbd_cdc.o
    0x2400014b   COMPRESSED   0x00000001   PAD
    0x2400014c   COMPRESSED   0x00000038   Data   RW         6206    .data               usbd_cdc.o
    0x24000184        -       0x0000001a   Zero   RW           18    .bss                main.o
    0x2400019e   COMPRESSED   0x00000002   PAD
    0x240001a0        -       0x00000140   Zero   RW          281    .bss                fdcan.o
    0x240002e0        -       0x0000004c   Zero   RW          329    .bss                tim.o
    0x2400032c        -       0x00000510   Zero   RW         5231    .bss                dm4310_ctrl.o
    0x2400083c        -       0x00000032   Zero   RW         5436    .bss                usbsent.o
    0x2400086e   COMPRESSED   0x00000002   PAD
    0x24000870        -       0x00000030   Zero   RW         5479    .bss                usbreceive.o
    0x240008a0        -       0x000002dc   Zero   RW         5507    .bss                usb_device.o
    0x24000b7c        -       0x00000200   Zero   RW         5546    .bss                usbd_desc.o
    0x24000d7c        -       0x00001032   Zero   RW         5635    .bss                usbd_cdc_if.o
    0x24001dae   COMPRESSED   0x00000002   PAD
    0x24001db0        -       0x0000072c   Zero   RW         5722    .bss                usbd_conf.o
    0x240024dc        -       0x00000060   Zero   RW         6330    .bss                c_w.l(libspace.o)
    0x2400253c   COMPRESSED   0x00000004   PAD
    0x24002540        -       0x00000200   Zero   RW            2    HEAP                startup_stm32h723xx.o
    0x24002740        -       0x00000400   Zero   RW            1    STACK               startup_stm32h723xx.o


==============================================================================

Image component sizes


      Code (inc. data)   RO Data    RW Data    ZI Data      Debug   Object Name

       238         26          0          0          0       3497   can_bsp.o
        96          8          0          4          0       1935   delay.o
       576         62          0          0       1296       3690   dm4310_ctrl.o
       820          8          0          0          0       7777   dm4310_drv.o
       440         44          0          4        320       2588   fdcan.o
       128         10          0          0          0        959   gpio.o
      1120         88          0          4         26    1207403   main.o
        64         26        716          0       1536        852   startup_stm32h723xx.o
       220         40          0         12          0      23633   stm32h7xx_hal.o
       222         12          0          0          0      40289   stm32h7xx_hal_cortex.o
      2938         48         92          0          0      23364   stm32h7xx_hal_fdcan.o
       550         44          0          0          0       2216   stm32h7xx_hal_gpio.o
        28          6          0          0          0        826   stm32h7xx_hal_msp.o
      2682         16          0          0          0      13880   stm32h7xx_hal_pcd.o
       120          6          0          0          0       3215   stm32h7xx_hal_pcd_ex.o
       100         10          0          0          0       1374   stm32h7xx_hal_pwr_ex.o
      2302         82          0          0          0       5886   stm32h7xx_hal_rcc.o
      2938         46          0          0          0       5147   stm32h7xx_hal_rcc_ex.o
      1228        100          0          0          0      10385   stm32h7xx_hal_tim.o
       190         38          0          0          0       3192   stm32h7xx_hal_tim_ex.o
        68         24          0          0          0       6152   stm32h7xx_it.o
      2716        134          0          0          0      23396   stm32h7xx_ll_usb.o
       192         34         16          8          0       1398   system_stm32h7xx.o
       164         20          0          0         76       1726   tim.o
        84         18          0          0        732        820   usb_device.o
      1284         40          0        139          0      14637   usbd_cdc.o
       248         34          0         22       4146       4807   usbd_cdc_if.o
       620         24          0          0       1836      17012   usbd_conf.o
       932          0          0          0          0      15651   usbd_core.o
      1360         22          0          1          0      15080   usbd_ctlreq.o
       292        106          0         94        512       6369   usbd_desc.o
       132          0          0          0          0       4600   usbd_ioreq.o
       116          8          0         96         48       1475   usbreceive.o
       300          6          0          0         50       1257   usbsent.o

    ----------------------------------------------------------------------
     25550       1190        856        388      10584    1476488   Object Totals
         0          0         32          0          0          0   (incl. Generated)
        42          0          0          4          6          0   (incl. Padding)

    ----------------------------------------------------------------------

      Code (inc. data)   RO Data    RW Data    ZI Data      Debug   Library Member Name

        90          0          0          0          0          0   __dczerorl2.o
         8          0          0          0          0         68   __main.o
         0          0          0          0          0          0   __rtentry.o
        12          0          0          0          0          0   __rtentry2.o
         6          0          0          0          0          0   __rtentry4.o
        52          8          0          0          0          0   __scatter.o
        28          0          0          0          0          0   __scatter_zi.o
        18          0          0          0          0         80   exit.o
         6          0          0          0          0        152   heapauxi.o
         0          0          0          0          0          0   indicate_semi.o
         2          0          0          0          0          0   libinit.o
         6          0          0          0          0          0   libinit2.o
         2          0          0          0          0          0   libshutdown.o
         2          0          0          0          0          0   libshutdown2.o
         8          4          0          0         96         68   libspace.o
        78          0          0          0          0         80   rt_memclr_w.o
       100          0          0          0          0         80   rt_memcpy_w.o
         2          0          0          0          0          0   rtexit.o
        10          0          0          0          0          0   rtexit2.o
        12          4          0          0          0         68   sys_exit.o
        74          0          0          0          0         80   sys_stackheap_outer.o
         2          0          0          0          0         68   use_no_semi.o
        10          0          0          0          0        116   fpinit.o

    ----------------------------------------------------------------------
       534         16          0          0        100        860   Library Totals
         6          0          0          0          4          0   (incl. Padding)

    ----------------------------------------------------------------------

      Code (inc. data)   RO Data    RW Data    ZI Data      Debug   Library Name

       518         16          0          0         96        744   c_w.l
        10          0          0          0          0        116   fz_wv.l

    ----------------------------------------------------------------------
       534         16          0          0        100        860   Library Totals

    ----------------------------------------------------------------------

==============================================================================


      Code (inc. data)   RO Data    RW Data    ZI Data      Debug   

     26084       1206        856        388      10684    1452888   Grand Totals
     26084       1206        856        256      10684    1452888   ELF Image Totals (compressed)
     26084       1206        856        256          0          0   ROM Totals

==============================================================================

    Total RO  Size (Code + RO Data)                26940 (  26.31kB)
    Total RW  Size (RW Data + ZI Data)             11072 (  10.81kB)
    Total ROM Size (Code + RO Data + RW Data)      27196 (  26.56kB)

==============================================================================

